Archive member included to satisfy reference by file (symbol)

/usr/lib/gcc/arm-none-eabi/10.3.1/thumb/v6-m/nofp/libgcc.a(_dvmd_tls.o)
                              CMakeFiles/kat_controller.dir/home/matthew/pico/pico-sdk/src/rp2_common/pico_divider/divider.S.obj (__aeabi_idiv0)
/usr/lib/gcc/arm-none-eabi/10.3.1/../../../arm-none-eabi/lib/thumb/v6-m/nofp/libc.a(lib_a-atexit.o)
                              /usr/lib/gcc/arm-none-eabi/10.3.1/../../../arm-none-eabi/lib/thumb/v6-m/nofp/crt0.o (atexit)
/usr/lib/gcc/arm-none-eabi/10.3.1/../../../arm-none-eabi/lib/thumb/v6-m/nofp/libc.a(lib_a-calloc.o)
                              CMakeFiles/kat_controller.dir/home/matthew/pico/pico-sdk/src/rp2_common/pico_malloc/pico_malloc.c.obj (calloc)
/usr/lib/gcc/arm-none-eabi/10.3.1/../../../arm-none-eabi/lib/thumb/v6-m/nofp/libc.a(lib_a-callocr.o)
                              /usr/lib/gcc/arm-none-eabi/10.3.1/../../../arm-none-eabi/lib/thumb/v6-m/nofp/libc.a(lib_a-calloc.o) (_calloc_r)
/usr/lib/gcc/arm-none-eabi/10.3.1/../../../arm-none-eabi/lib/thumb/v6-m/nofp/libc.a(lib_a-fini.o)
                              /usr/lib/gcc/arm-none-eabi/10.3.1/../../../arm-none-eabi/lib/thumb/v6-m/nofp/crt0.o (__libc_fini_array)
/usr/lib/gcc/arm-none-eabi/10.3.1/../../../arm-none-eabi/lib/thumb/v6-m/nofp/libc.a(lib_a-impure.o)
                              /usr/lib/gcc/arm-none-eabi/10.3.1/../../../arm-none-eabi/lib/thumb/v6-m/nofp/libc.a(lib_a-calloc.o) (_impure_ptr)
/usr/lib/gcc/arm-none-eabi/10.3.1/../../../arm-none-eabi/lib/thumb/v6-m/nofp/libc.a(lib_a-init.o)
                              /usr/lib/gcc/arm-none-eabi/10.3.1/../../../arm-none-eabi/lib/thumb/v6-m/nofp/crt0.o (__libc_init_array)
/usr/lib/gcc/arm-none-eabi/10.3.1/../../../arm-none-eabi/lib/thumb/v6-m/nofp/libc.a(lib_a-malloc.o)
                              CMakeFiles/kat_controller.dir/home/matthew/pico/pico-sdk/src/rp2_common/pico_malloc/pico_malloc.c.obj (malloc)
/usr/lib/gcc/arm-none-eabi/10.3.1/../../../arm-none-eabi/lib/thumb/v6-m/nofp/libc.a(lib_a-mallocr.o)
                              /usr/lib/gcc/arm-none-eabi/10.3.1/../../../arm-none-eabi/lib/thumb/v6-m/nofp/libc.a(lib_a-callocr.o) (_malloc_r)
/usr/lib/gcc/arm-none-eabi/10.3.1/../../../arm-none-eabi/lib/thumb/v6-m/nofp/libc.a(lib_a-mlock.o)
                              /usr/lib/gcc/arm-none-eabi/10.3.1/../../../arm-none-eabi/lib/thumb/v6-m/nofp/libc.a(lib_a-mallocr.o) (__malloc_lock)
/usr/lib/gcc/arm-none-eabi/10.3.1/../../../arm-none-eabi/lib/thumb/v6-m/nofp/libc.a(lib_a-realloc.o)
                              CMakeFiles/kat_controller.dir/home/matthew/pico/pico-sdk/src/rp2_common/pico_malloc/pico_malloc.c.obj (realloc)
/usr/lib/gcc/arm-none-eabi/10.3.1/../../../arm-none-eabi/lib/thumb/v6-m/nofp/libc.a(lib_a-reallocr.o)
                              /usr/lib/gcc/arm-none-eabi/10.3.1/../../../arm-none-eabi/lib/thumb/v6-m/nofp/libc.a(lib_a-realloc.o) (_realloc_r)
/usr/lib/gcc/arm-none-eabi/10.3.1/../../../arm-none-eabi/lib/thumb/v6-m/nofp/libc.a(lib_a-sbrkr.o)
                              /usr/lib/gcc/arm-none-eabi/10.3.1/../../../arm-none-eabi/lib/thumb/v6-m/nofp/libc.a(lib_a-mallocr.o) (_sbrk_r)
/usr/lib/gcc/arm-none-eabi/10.3.1/../../../arm-none-eabi/lib/thumb/v6-m/nofp/libc.a(lib_a-strlen-stub.o)
                              CMakeFiles/kat_controller.dir/home/matthew/pico/pico-sdk/src/rp2_common/pico_stdio/stdio.c.obj (strlen)
/usr/lib/gcc/arm-none-eabi/10.3.1/../../../arm-none-eabi/lib/thumb/v6-m/nofp/libc.a(lib_a-__atexit.o)
                              /usr/lib/gcc/arm-none-eabi/10.3.1/../../../arm-none-eabi/lib/thumb/v6-m/nofp/libc.a(lib_a-atexit.o) (__register_exitproc)
/usr/lib/gcc/arm-none-eabi/10.3.1/../../../arm-none-eabi/lib/thumb/v6-m/nofp/libc.a(lib_a-freer.o)
                              /usr/lib/gcc/arm-none-eabi/10.3.1/../../../arm-none-eabi/lib/thumb/v6-m/nofp/libc.a(lib_a-malloc.o) (_free_r)
/usr/lib/gcc/arm-none-eabi/10.3.1/../../../arm-none-eabi/lib/thumb/v6-m/nofp/libc.a(lib_a-memmove.o)
                              /usr/lib/gcc/arm-none-eabi/10.3.1/../../../arm-none-eabi/lib/thumb/v6-m/nofp/libc.a(lib_a-reallocr.o) (memmove)
/usr/lib/gcc/arm-none-eabi/10.3.1/../../../arm-none-eabi/lib/thumb/v6-m/nofp/libc.a(lib_a-reent.o)
                              /usr/lib/gcc/arm-none-eabi/10.3.1/../../../arm-none-eabi/lib/thumb/v6-m/nofp/libc.a(lib_a-sbrkr.o) (errno)

Discarded input sections

 .text          0x0000000000000000        0x0 /usr/lib/gcc/arm-none-eabi/10.3.1/thumb/v6-m/nofp/crti.o
 .data          0x0000000000000000        0x0 /usr/lib/gcc/arm-none-eabi/10.3.1/thumb/v6-m/nofp/crti.o
 .bss           0x0000000000000000        0x0 /usr/lib/gcc/arm-none-eabi/10.3.1/thumb/v6-m/nofp/crti.o
 .data          0x0000000000000000        0x4 /usr/lib/gcc/arm-none-eabi/10.3.1/thumb/v6-m/nofp/crtbegin.o
 .rodata        0x0000000000000000       0x24 /usr/lib/gcc/arm-none-eabi/10.3.1/thumb/v6-m/nofp/crtbegin.o
[...]
Memory Configuration

Name             Origin             Length             Attributes
FLASH            0x0000000010000000 0x0000000000200000 xr
RAM              0x0000000020000000 0x0000000000040000 xrw
SCRATCH_X        0x0000000020040000 0x0000000000001000 xrw
SCRATCH_Y        0x0000000020041000 0x0000000000001000 xrw
*default*        0x0000000000000000 0xffffffffffffffff

Linker script and memory map

LOAD /usr/lib/gcc/arm-none-eabi/10.3.1/thumb/v6-m/nofp/crti.o
LOAD /usr/lib/gcc/arm-none-eabi/10.3.1/thumb/v6-m/nofp/crtbegin.o
LOAD /usr/lib/gcc/arm-none-eabi/10.3.1/../../../arm-none-eabi/lib/thumb/v6-m/nofp/crt0.o

.flash_begin    0x0000000010000000        0x0
                0x0000000010000000                __flash_binary_start = .

.boot2          0x0000000010000000      0x100
                0x0000000010000000                __boot2_start__ = .
 *(.boot2)
 .boot2         0x0000000010000000      0x100 /tmp/ccJNYgww.o
                0x0000000010000100                __boot2_end__ = .
                0x0000000000000001                ASSERT (((__boot2_end__ - __boot2_start__) == 0x100), ERROR: Pico second stage bootloader must be 256 bytes in size)

.text           0x0000000010000100     0x4838
                0x0000000010000100                __logical_binary_start = .
 *(.vectors)
 .vectors       0x0000000010000100       0xd4 CMakeFiles/kat_controller.dir/home/matthew/pico/pico-sdk/src/rp2_common/pico_standard_link/crt0.S.obj
                0x0000000010000100                __vectors
                0x0000000010000100                __VECTOR_TABLE
                0x00000000100001c0                isr_invalid
                0x00000000100001c0                __default_isrs_start
                0x00000000100001c2                isr_nmi
                0x00000000100001c4                isr_hardfault
                0x00000000100001c6                isr_svcall
                0x00000000100001c8                isr_pendsv
                0x00000000100001ca                isr_systick
                0x00000000100001cc                isr_irq30
                0x00000000100001cc                __unhandled_user_irq
                0x00000000100001cc                isr_irq13
                0x00000000100001cc                isr_irq27
                0x00000000100001cc                isr_irq31
                0x00000000100001cc                isr_irq5
                0x00000000100001cc                isr_irq11
                0x00000000100001cc                isr_irq23
                0x00000000100001cc                isr_irq18
                0x00000000100001cc                isr_irq28
                0x00000000100001cc                isr_irq19
                0x00000000100001cc                isr_irq0
                0x00000000100001cc                isr_irq6
                0x00000000100001cc                isr_irq22
                0x00000000100001cc                isr_irq17
                0x00000000100001cc                isr_irq14
                0x00000000100001cc                isr_irq2
                0x00000000100001cc                isr_irq10
                0x00000000100001cc                isr_irq8
                0x00000000100001cc                isr_irq24
                0x00000000100001cc                isr_irq1
                0x00000000100001cc                isr_irq7
                0x00000000100001cc                isr_irq21
                0x00000000100001cc                isr_irq20
                0x00000000100001cc                isr_irq15
                0x00000000100001cc                isr_irq25
                0x00000000100001cc                isr_irq4
                0x00000000100001cc                isr_irq16
                0x00000000100001cc                isr_irq29
                0x00000000100001cc                isr_irq26
                0x00000000100001cc                __default_isrs_end
                0x00000000100001cc                isr_irq3
                0x00000000100001cc                isr_irq12
                0x00000000100001cc                isr_irq9
                0x00000000100001d2                unhandled_user_irq_num_in_r0
 *(.binary_info_header)
 .binary_info_header
                0x00000000100001d4       0x14 CMakeFiles/kat_controller.dir/home/matthew/pico/pico-sdk/src/rp2_common/pico_standard_link/crt0.S.obj
                0x00000000100001e8                __binary_info_header_end = .
 *(.reset)
 .reset         0x00000000100001e8       0xa0 CMakeFiles/kat_controller.dir/home/matthew/pico/pico-sdk/src/rp2_common/pico_standard_link/crt0.S.obj
                0x00000000100001e8                _entry_point
 .reset         0x0000000010000288       0x30 CMakeFiles/kat_controller.dir/home/matthew/pico/pico-sdk/src/rp2_common/pico_standard_link/binary_info.c.obj
 *(.init)
 .init          0x00000000100002b8        0x4 /usr/lib/gcc/arm-none-eabi/10.3.1/thumb/v6-m/nofp/crti.o
                0x00000000100002b8                _init
 *(EXCLUDE_FILE(*libm.a: *libc.a:*lib_a-mem*.o *libgcc.a:) .text*)
 .text          0x00000000100002bc       0x98 /usr/lib/gcc/arm-none-eabi/10.3.1/thumb/v6-m/nofp/crtbegin.o
 .text.startup.main
                0x0000000010000354       0xd0 CMakeFiles/kat_controller.dir/main.cc.obj
                0x0000000010000354                main
 .text.gpio_set_function
                0x0000000010000424       0x30 CMakeFiles/kat_controller.dir/home/matthew/pico/pico-sdk/src/rp2_common/hardware_gpio/gpio.c.obj
                0x0000000010000424                gpio_set_function
 .text.running_on_fpga
                0x0000000010000454       0x10 CMakeFiles/kat_controller.dir/home/matthew/pico/pico-sdk/src/rp2_common/pico_platform/platform.c.obj
                0x0000000010000454                running_on_fpga
 .text.hw_claim_lock
                0x0000000010000464       0x18 CMakeFiles/kat_controller.dir/home/matthew/pico/pico-sdk/src/rp2_common/hardware_claim/claim.c.obj
                0x0000000010000464                hw_claim_lock
 .text.hw_claim_unlock
                0x000000001000047c       0x14 CMakeFiles/kat_controller.dir/home/matthew/pico/pico-sdk/src/rp2_common/hardware_claim/claim.c.obj
                0x000000001000047c                hw_claim_unlock
 .text.hw_claim_or_assert
                0x0000000010000490       0x44 CMakeFiles/kat_controller.dir/home/matthew/pico/pico-sdk/src/rp2_common/hardware_claim/claim.c.obj
                0x0000000010000490                hw_claim_or_assert
 .text.hw_claim_unused_from_range
                0x00000000100004d4       0x9c CMakeFiles/kat_controller.dir/home/matthew/pico/pico-sdk/src/rp2_common/hardware_claim/claim.c.obj
                0x00000000100004d4                hw_claim_unused_from_range
 .text.spin_locks_reset
                0x0000000010000570       0x1c CMakeFiles/kat_controller.dir/home/matthew/pico/pico-sdk/src/rp2_common/hardware_sync/sync.c.obj
                0x0000000010000570                spin_locks_reset
 .text.next_striped_spin_lock_num
                0x000000001000058c       0x18 CMakeFiles/kat_controller.dir/home/matthew/pico/pico-sdk/src/rp2_common/hardware_sync/sync.c.obj
                0x000000001000058c                next_striped_spin_lock_num
 .text.spin_lock_claim_unused
                0x00000000100005a4       0x20 CMakeFiles/kat_controller.dir/home/matthew/pico/pico-sdk/src/rp2_common/hardware_sync/sync.c.obj
                0x00000000100005a4                spin_lock_claim_unused
 .text.irq_set_enabled
                0x00000000100005c4       0x24 CMakeFiles/kat_controller.dir/home/matthew/pico/pico-sdk/src/rp2_common/hardware_irq/irq.c.obj
                0x00000000100005c4                irq_set_enabled
 .text.irq_set_pending
                0x00000000100005e8       0x10 CMakeFiles/kat_controller.dir/home/matthew/pico/pico-sdk/src/rp2_common/hardware_irq/irq.c.obj
                0x00000000100005e8                irq_set_pending
 .text.irq_has_shared_handler
                0x00000000100005f8       0x2c CMakeFiles/kat_controller.dir/home/matthew/pico/pico-sdk/src/rp2_common/hardware_irq/irq.c.obj
                0x00000000100005f8                irq_has_shared_handler
 .text.irq_get_vtable_handler
                0x0000000010000624       0x10 CMakeFiles/kat_controller.dir/home/matthew/pico/pico-sdk/src/rp2_common/hardware_irq/irq.c.obj
                0x0000000010000624                irq_get_vtable_handler
 .text.irq_set_exclusive_handler
                0x0000000010000634       0x54 CMakeFiles/kat_controller.dir/home/matthew/pico/pico-sdk/src/rp2_common/hardware_irq/irq.c.obj
                0x0000000010000634                irq_set_exclusive_handler
 .text.irq_add_shared_handler
                0x0000000010000688      0x1e8 CMakeFiles/kat_controller.dir/home/matthew/pico/pico-sdk/src/rp2_common/hardware_irq/irq.c.obj
                0x0000000010000688                irq_add_shared_handler
 .text.irq_remove_handler
                0x0000000010000870      0x1b0 CMakeFiles/kat_controller.dir/home/matthew/pico/pico-sdk/src/rp2_common/hardware_irq/irq.c.obj
                0x0000000010000870                irq_remove_handler
 .text.irq_add_tail_to_free_list
                0x0000000010000a20       0xb4 CMakeFiles/kat_controller.dir/home/matthew/pico/pico-sdk/src/rp2_common/hardware_irq/irq.c.obj
                0x0000000010000a20                irq_add_tail_to_free_list
 .text.irq_init_priorities
                0x0000000010000ad4       0x24 CMakeFiles/kat_controller.dir/home/matthew/pico/pico-sdk/src/rp2_common/hardware_irq/irq.c.obj
                0x0000000010000ad4                irq_init_priorities
 .text.user_irq_claim_unused
                0x0000000010000af8       0x28 CMakeFiles/kat_controller.dir/home/matthew/pico/pico-sdk/src/rp2_common/hardware_irq/irq.c.obj
                0x0000000010000af8                user_irq_claim_unused
 .text.lock_init
                0x0000000010000b20       0x10 CMakeFiles/kat_controller.dir/home/matthew/pico/pico-sdk/src/common/pico_sync/lock_core.c.obj
                0x0000000010000b20                lock_init
 .text.mutex_init
                0x0000000010000b30       0x1c CMakeFiles/kat_controller.dir/home/matthew/pico/pico-sdk/src/common/pico_sync/mutex.c.obj
                0x0000000010000b30                mutex_init
 .text.recursive_mutex_init
                0x0000000010000b4c       0x1c CMakeFiles/kat_controller.dir/home/matthew/pico/pico-sdk/src/common/pico_sync/mutex.c.obj
                0x0000000010000b4c                recursive_mutex_init
 .text.critical_section_init
                0x0000000010000b68       0x20 CMakeFiles/kat_controller.dir/home/matthew/pico/pico-sdk/src/common/pico_sync/critical_section.c.obj
                0x0000000010000b68                critical_section_init
 .text.critical_section_init_with_lock_num
                0x0000000010000b88       0x14 CMakeFiles/kat_controller.dir/home/matthew/pico/pico-sdk/src/common/pico_sync/critical_section.c.obj
                0x0000000010000b88                critical_section_init_with_lock_num
 .text.timer_pool_entry_comparator
                0x0000000010000b9c       0x34 CMakeFiles/kat_controller.dir/home/matthew/pico/pico-sdk/src/common/pico_time/time.c.obj
                0x0000000010000b9c                timer_pool_entry_comparator
 .text.sleep_until_callback
                0x0000000010000bd0       0x30 CMakeFiles/kat_controller.dir/home/matthew/pico/pico-sdk/src/common/pico_time/time.c.obj
 .text.add_alarm_under_lock.isra.0
                0x0000000010000c00      0x100 CMakeFiles/kat_controller.dir/home/matthew/pico/pico-sdk/src/common/pico_time/time.c.obj
 .text.alarm_pool_alarm_callback
                0x0000000010000d00      0x1bc CMakeFiles/kat_controller.dir/home/matthew/pico/pico-sdk/src/common/pico_time/time.c.obj
 .text.alarm_pool_init_default
                0x0000000010000ebc       0x6c CMakeFiles/kat_controller.dir/home/matthew/pico/pico-sdk/src/common/pico_time/time.c.obj
                0x0000000010000ebc                alarm_pool_init_default
 .text.alarm_pool_get_default
                0x0000000010000f28        0x8 CMakeFiles/kat_controller.dir/home/matthew/pico/pico-sdk/src/common/pico_time/time.c.obj
                0x0000000010000f28                alarm_pool_get_default
 .text.alarm_pool_add_alarm_at
                0x0000000010000f30      0x178 CMakeFiles/kat_controller.dir/home/matthew/pico/pico-sdk/src/common/pico_time/time.c.obj
                0x0000000010000f30                alarm_pool_add_alarm_at
 .text.alarm_pool_core_num
                0x00000000100010a8        0x4 CMakeFiles/kat_controller.dir/home/matthew/pico/pico-sdk/src/common/pico_time/time.c.obj
                0x00000000100010a8                alarm_pool_core_num
 .text.best_effort_wfe_or_timeout
                0x00000000100010ac       0xd4 CMakeFiles/kat_controller.dir/home/matthew/pico/pico-sdk/src/common/pico_time/time.c.obj
                0x00000000100010ac                best_effort_wfe_or_timeout
 .text.hardware_alarm_irq_handler
                0x0000000010001180       0xbc CMakeFiles/kat_controller.dir/home/matthew/pico/pico-sdk/src/rp2_common/hardware_timer/timer.c.obj
 .text.hardware_alarm_claim
                0x000000001000123c       0x18 CMakeFiles/kat_controller.dir/home/matthew/pico/pico-sdk/src/rp2_common/hardware_timer/timer.c.obj
                0x000000001000123c                hardware_alarm_claim
 .text.time_us_64
                0x0000000010001254       0x14 CMakeFiles/kat_controller.dir/home/matthew/pico/pico-sdk/src/rp2_common/hardware_timer/timer.c.obj
                0x0000000010001254                time_us_64
 .text.hardware_alarm_set_callback
                0x0000000010001268       0x8c CMakeFiles/kat_controller.dir/home/matthew/pico/pico-sdk/src/rp2_common/hardware_timer/timer.c.obj
                0x0000000010001268                hardware_alarm_set_callback
 .text.hardware_alarm_set_target
                0x00000000100012f4       0xd4 CMakeFiles/kat_controller.dir/home/matthew/pico/pico-sdk/src/rp2_common/hardware_timer/timer.c.obj
                0x00000000100012f4                hardware_alarm_set_target
 .text.hardware_alarm_cancel
                0x00000000100013c8       0x3c CMakeFiles/kat_controller.dir/home/matthew/pico/pico-sdk/src/rp2_common/hardware_timer/timer.c.obj
                0x00000000100013c8                hardware_alarm_cancel
 .text.ph_merge_nodes
                0x0000000010001404       0x68 CMakeFiles/kat_controller.dir/home/matthew/pico/pico-sdk/src/common/pico_util/pheap.c.obj
 .text.ph_post_alloc_init
                0x000000001000146c       0x3c CMakeFiles/kat_controller.dir/home/matthew/pico/pico-sdk/src/common/pico_util/pheap.c.obj
                0x000000001000146c                ph_post_alloc_init
 .text.ph_merge_two_pass
                0x00000000100014a8       0x90 CMakeFiles/kat_controller.dir/home/matthew/pico/pico-sdk/src/common/pico_util/pheap.c.obj
                0x00000000100014a8                ph_merge_two_pass
 .text.ph_remove_any_head
                0x0000000010001538      0x100 CMakeFiles/kat_controller.dir/home/matthew/pico/pico-sdk/src/common/pico_util/pheap.c.obj
 .text.ph_remove_head
                0x0000000010001638      0x104 CMakeFiles/kat_controller.dir/home/matthew/pico/pico-sdk/src/common/pico_util/pheap.c.obj
                0x0000000010001638                ph_remove_head
 .text.ph_remove_and_free_node
                0x000000001000173c       0x7c CMakeFiles/kat_controller.dir/home/matthew/pico/pico-sdk/src/common/pico_util/pheap.c.obj
                0x000000001000173c                ph_remove_and_free_node
 .text.clocks_init
                0x00000000100017b8      0x2d0 CMakeFiles/kat_controller.dir/home/matthew/pico/pico-sdk/src/rp2_common/hardware_clocks/clocks.c.obj
                0x00000000100017b8                clocks_init
 .text.clock_get_hz
                0x0000000010001a88        0xc CMakeFiles/kat_controller.dir/home/matthew/pico/pico-sdk/src/rp2_common/hardware_clocks/clocks.c.obj
                0x0000000010001a88                clock_get_hz
 .text.pll_init
                0x0000000010001a94       0xa0 CMakeFiles/kat_controller.dir/home/matthew/pico/pico-sdk/src/rp2_common/hardware_pll/pll.c.obj
                0x0000000010001a94                pll_init
 .text.watchdog_start_tick
                0x0000000010001b34       0x10 CMakeFiles/kat_controller.dir/home/matthew/pico/pico-sdk/src/rp2_common/hardware_watchdog/watchdog.c.obj
                0x0000000010001b34                watchdog_start_tick
 .text.watchdog_reboot
                0x0000000010001b44       0x98 CMakeFiles/kat_controller.dir/home/matthew/pico/pico-sdk/src/rp2_common/hardware_watchdog/watchdog.c.obj
                0x0000000010001b44                watchdog_reboot
 .text.xosc_init
                0x0000000010001bdc       0x28 CMakeFiles/kat_controller.dir/home/matthew/pico/pico-sdk/src/rp2_common/hardware_xosc/xosc.c.obj
                0x0000000010001bdc                xosc_init
 .text.runtime_init
                0x0000000010001c04       0xf0 CMakeFiles/kat_controller.dir/home/matthew/pico/pico-sdk/src/rp2_common/pico_runtime/runtime.c.obj
                0x0000000010001c04                runtime_init
 .text._exit    0x0000000010001cf4        0x4 CMakeFiles/kat_controller.dir/home/matthew/pico/pico-sdk/src/rp2_common/pico_runtime/runtime.c.obj
                0x0000000010001cf4                _exit
 .text.exit     0x0000000010001cf8        0x8 CMakeFiles/kat_controller.dir/home/matthew/pico/pico-sdk/src/rp2_common/pico_runtime/runtime.c.obj
                0x0000000010001cf8                exit
 .text.panic    0x0000000010001d00       0x30 CMakeFiles/kat_controller.dir/home/matthew/pico/pico-sdk/src/rp2_common/pico_runtime/runtime.c.obj
                0x0000000010001d00                panic
 .text.hard_assertion_failure
                0x0000000010001d30        0xc CMakeFiles/kat_controller.dir/home/matthew/pico/pico-sdk/src/rp2_common/pico_runtime/runtime.c.obj
                0x0000000010001d30                hard_assertion_failure
 .text._out_char
                0x0000000010001d3c       0x10 CMakeFiles/kat_controller.dir/home/matthew/pico/pico-sdk/src/rp2_common/pico_printf/printf.c.obj
 .text.weak_raw_vprintf
                0x0000000010001d4c       0x30 CMakeFiles/kat_controller.dir/home/matthew/pico/pico-sdk/src/rp2_common/pico_printf/printf.c.obj
                0x0000000010001d4c                weak_raw_vprintf
 .text          0x0000000010001d7c       0x10 CMakeFiles/kat_controller.dir/home/matthew/pico/pico-sdk/src/rp2_common/pico_bit_ops/bit_ops_aeabi.S.obj
 .text.rom_func_lookup
                0x0000000010001d8c       0x10 CMakeFiles/kat_controller.dir/home/matthew/pico/pico-sdk/src/rp2_common/pico_bootrom/bootrom.c.obj
                0x0000000010001d8c                rom_func_lookup
 .text.rom_data_lookup
                0x0000000010001d9c       0x10 CMakeFiles/kat_controller.dir/home/matthew/pico/pico-sdk/src/rp2_common/pico_bootrom/bootrom.c.obj
                0x0000000010001d9c                rom_data_lookup
 .text.rom_funcs_lookup
                0x0000000010001dac       0x44 CMakeFiles/kat_controller.dir/home/matthew/pico/pico-sdk/src/rp2_common/pico_bootrom/bootrom.c.obj
                0x0000000010001dac                rom_funcs_lookup
 .text.__wrap___aeabi_uidiv
                0x0000000010001df0       0x4c CMakeFiles/kat_controller.dir/home/matthew/pico/pico-sdk/src/rp2_common/pico_divider/divider.S.obj
                0x0000000010001df0                __wrap___aeabi_uidiv
                0x0000000010001df0                __wrap___aeabi_uidivmod
                0x0000000010001df0                div_u32u32
                0x0000000010001df0                divmod_u32u32
                0x0000000010001df8                divmod_u32u32_unsafe
                0x0000000010001e20                divmod_u32u32_savestate
 .text.__aeabi_double_init
                0x0000000010001e3c       0x94 CMakeFiles/kat_controller.dir/home/matthew/pico/pico-sdk/src/rp2_common/pico_double/double_init_rom.c.obj
                0x0000000010001e3c                __aeabi_double_init
 .text.double_table_shim_on_use_helper
                0x0000000010001ed0       0x2c CMakeFiles/kat_controller.dir/home/matthew/pico/pico-sdk/src/rp2_common/pico_double/double_v1_rom_shim.S.obj
                0x0000000010001ed0                double_table_shim_on_use_helper
 .text.__aeabi_lmul
                0x0000000010001efc       0x32 CMakeFiles/kat_controller.dir/home/matthew/pico/pico-sdk/src/rp2_common/pico_int64_ops/pico_int64_ops_aeabi.S.obj
                0x0000000010001efc                __wrap___aeabi_lmul
 *fill*         0x0000000010001f2e        0x2 
 .text.__wrap___aeabi_farithmetic
                0x0000000010001f30       0x48 CMakeFiles/kat_controller.dir/home/matthew/pico/pico-sdk/src/rp2_common/pico_float/float_aeabi.S.obj
                0x0000000010001f30                __wrap___aeabi_frsub
                0x0000000010001f36                __wrap___aeabi_fsub
                0x0000000010001f3c                __wrap___aeabi_fadd
                0x0000000010001f42                __wrap___aeabi_fdiv
                0x0000000010001f6a                __wrap___aeabi_fmul
 .text.__wrap___aeabi_ui2f
                0x0000000010001f78        0xa CMakeFiles/kat_controller.dir/home/matthew/pico/pico-sdk/src/rp2_common/pico_float/float_aeabi.S.obj
                0x0000000010001f78                __wrap___aeabi_ui2f
 *fill*         0x0000000010001f82        0x2 
 .text.__wrap___aeabi_i2f
                0x0000000010001f84       0x44 CMakeFiles/kat_controller.dir/home/matthew/pico/pico-sdk/src/rp2_common/pico_float/float_aeabi.S.obj
                0x0000000010001f84                __wrap___aeabi_i2f
 .text.__wrap___aeabi_f2uiz
                0x0000000010001fc8        0xc CMakeFiles/kat_controller.dir/home/matthew/pico/pico-sdk/src/rp2_common/pico_float/float_aeabi.S.obj
                0x0000000010001fc8                __wrap___aeabi_f2uiz
 .text.__aeabi_float_init
                0x0000000010001fd4       0x64 CMakeFiles/kat_controller.dir/home/matthew/pico/pico-sdk/src/rp2_common/pico_float/float_init_rom.c.obj
                0x0000000010001fd4                __aeabi_float_init
 .text.float_table_shim_on_use_helper
                0x0000000010002038       0x2c CMakeFiles/kat_controller.dir/home/matthew/pico/pico-sdk/src/rp2_common/pico_float/float_v1_rom_shim.S.obj
                0x0000000010002038                float_table_shim_on_use_helper
 .text          0x0000000010002064       0x10 CMakeFiles/kat_controller.dir/home/matthew/pico/pico-sdk/src/rp2_common/pico_mem_ops/mem_ops_aeabi.S.obj
                0x0000000010002064                __aeabi_mem_init
 .text.memset   0x0000000010002074        0xc CMakeFiles/kat_controller.dir/home/matthew/pico/pico-sdk/src/rp2_common/pico_mem_ops/mem_ops_aeabi.S.obj
                0x0000000010002074                __wrap_memset
 .text.memcpy   0x0000000010002080        0xc CMakeFiles/kat_controller.dir/home/matthew/pico/pico-sdk/src/rp2_common/pico_mem_ops/mem_ops_aeabi.S.obj
                0x0000000010002080                __wrap___aeabi_memcpy
                0x0000000010002080                __wrap_memcpy
 .text.stdio_out_chars_no_crlf
                0x000000001000208c       0x10 CMakeFiles/kat_controller.dir/home/matthew/pico/pico-sdk/src/rp2_common/pico_stdio/stdio.c.obj
 .text.stdio_out_chars_crlf
                0x000000001000209c       0xb4 CMakeFiles/kat_controller.dir/home/matthew/pico/pico-sdk/src/rp2_common/pico_stdio/stdio.c.obj
 .text.stdio_put_string.isra.0
                0x0000000010002150       0xfc CMakeFiles/kat_controller.dir/home/matthew/pico/pico-sdk/src/rp2_common/pico_stdio/stdio.c.obj
 .text.__wrap_putchar
                0x000000001000224c       0x98 CMakeFiles/kat_controller.dir/home/matthew/pico/pico-sdk/src/rp2_common/pico_stdio/stdio.c.obj
                0x000000001000224c                __wrap_putchar
 .text.__wrap_puts
                0x00000000100022e4       0x3c CMakeFiles/kat_controller.dir/home/matthew/pico/pico-sdk/src/rp2_common/pico_stdio/stdio.c.obj
                0x00000000100022e4                __wrap_puts
 .text.stdio_set_driver_enabled
                0x0000000010002320       0x30 CMakeFiles/kat_controller.dir/home/matthew/pico/pico-sdk/src/rp2_common/pico_stdio/stdio.c.obj
                0x0000000010002320                stdio_set_driver_enabled
 .text.resetd_init
                0x0000000010002350        0x4 CMakeFiles/kat_controller.dir/home/matthew/pico/pico-sdk/src/rp2_common/pico_stdio_usb/reset_interface.c.obj
 .text.resetd_reset
                0x0000000010002354        0xc CMakeFiles/kat_controller.dir/home/matthew/pico/pico-sdk/src/rp2_common/pico_stdio_usb/reset_interface.c.obj
 .text.resetd_open
                0x0000000010002360       0x28 CMakeFiles/kat_controller.dir/home/matthew/pico/pico-sdk/src/rp2_common/pico_stdio_usb/reset_interface.c.obj
 .text.resetd_xfer_cb
                0x0000000010002388        0x4 CMakeFiles/kat_controller.dir/home/matthew/pico/pico-sdk/src/rp2_common/pico_stdio_usb/reset_interface.c.obj
 .text.resetd_control_xfer_cb
                0x000000001000238c       0x64 CMakeFiles/kat_controller.dir/home/matthew/pico/pico-sdk/src/rp2_common/pico_stdio_usb/reset_interface.c.obj
 .text.usbd_app_driver_get_cb
                0x00000000100023f0        0xc CMakeFiles/kat_controller.dir/home/matthew/pico/pico-sdk/src/rp2_common/pico_stdio_usb/reset_interface.c.obj
                0x00000000100023f0                usbd_app_driver_get_cb
 .text.tud_cdc_line_coding_cb
                0x00000000100023fc       0x34 CMakeFiles/kat_controller.dir/home/matthew/pico/pico-sdk/src/rp2_common/pico_stdio_usb/reset_interface.c.obj
                0x00000000100023fc                tud_cdc_line_coding_cb
 .text.stdio_usb_set_chars_available_callback
                0x0000000010002430       0x14 CMakeFiles/kat_controller.dir/home/matthew/pico/pico-sdk/src/rp2_common/pico_stdio_usb/stdio_usb.c.obj
                0x0000000010002430                stdio_usb_set_chars_available_callback
 .text.usb_irq  0x0000000010002444       0x10 CMakeFiles/kat_controller.dir/home/matthew/pico/pico-sdk/src/rp2_common/pico_stdio_usb/stdio_usb.c.obj
 .text.timer_task
                0x0000000010002454       0x54 CMakeFiles/kat_controller.dir/home/matthew/pico/pico-sdk/src/rp2_common/pico_stdio_usb/stdio_usb.c.obj
 .text.stdio_usb_in_chars
                0x00000000100024a8       0x90 CMakeFiles/kat_controller.dir/home/matthew/pico/pico-sdk/src/rp2_common/pico_stdio_usb/stdio_usb.c.obj
                0x00000000100024a8                stdio_usb_in_chars
 .text.stdio_usb_out_chars
                0x0000000010002538      0x100 CMakeFiles/kat_controller.dir/home/matthew/pico/pico-sdk/src/rp2_common/pico_stdio_usb/stdio_usb.c.obj
 .text.low_priority_worker_irq
                0x0000000010002638       0xa8 CMakeFiles/kat_controller.dir/home/matthew/pico/pico-sdk/src/rp2_common/pico_stdio_usb/stdio_usb.c.obj
 .text.tud_cdc_rx_cb
                0x00000000100026e0       0x20 CMakeFiles/kat_controller.dir/home/matthew/pico/pico-sdk/src/rp2_common/pico_stdio_usb/stdio_usb.c.obj
                0x00000000100026e0                tud_cdc_rx_cb
 .text.stdio_usb_init
                0x0000000010002700       0xdc CMakeFiles/kat_controller.dir/home/matthew/pico/pico-sdk/src/rp2_common/pico_stdio_usb/stdio_usb.c.obj
                0x0000000010002700                stdio_usb_init
 .text.tud_descriptor_device_cb
                0x00000000100027dc        0x8 CMakeFiles/kat_controller.dir/home/matthew/pico/pico-sdk/src/rp2_common/pico_stdio_usb/stdio_usb_descriptors.c.obj
                0x00000000100027dc                tud_descriptor_device_cb
 .text.tud_descriptor_configuration_cb
                0x00000000100027e4        0x8 CMakeFiles/kat_controller.dir/home/matthew/pico/pico-sdk/src/rp2_common/pico_stdio_usb/stdio_usb_descriptors.c.obj
                0x00000000100027e4                tud_descriptor_configuration_cb
 .text.tud_descriptor_string_cb
                0x00000000100027ec       0x74 CMakeFiles/kat_controller.dir/home/matthew/pico/pico-sdk/src/rp2_common/pico_stdio_usb/stdio_usb_descriptors.c.obj
                0x00000000100027ec                tud_descriptor_string_cb
 .text.startup._retrieve_unique_id_on_boot
                0x0000000010002860       0x10 CMakeFiles/kat_controller.dir/home/matthew/pico/pico-sdk/src/rp2_common/pico_unique_id/unique_id.c.obj
 .text.pico_get_unique_board_id_string
                0x0000000010002870      0x1a8 CMakeFiles/kat_controller.dir/home/matthew/pico/pico-sdk/src/rp2_common/pico_unique_id/unique_id.c.obj
                0x0000000010002870                pico_get_unique_board_id_string
 .text.flash_get_unique_id
                0x0000000010002a18       0x40 CMakeFiles/kat_controller.dir/home/matthew/pico/pico-sdk/src/rp2_common/hardware_flash/flash.c.obj
                0x0000000010002a18                flash_get_unique_id
 .text.dcd_int_enable
                0x0000000010002a58        0xc CMakeFiles/kat_controller.dir/home/matthew/pico/pico-sdk/lib/tinyusb/src/portable/raspberrypi/rp2040/dcd_rp2040.c.obj
                0x0000000010002a58                dcd_int_enable
 .text.dcd_set_address
                0x0000000010002a64       0x14 CMakeFiles/kat_controller.dir/home/matthew/pico/pico-sdk/lib/tinyusb/src/portable/raspberrypi/rp2040/dcd_rp2040.c.obj
                0x0000000010002a64                dcd_set_address
 .text.dcd_connect
                0x0000000010002a78       0x10 CMakeFiles/kat_controller.dir/home/matthew/pico/pico-sdk/lib/tinyusb/src/portable/raspberrypi/rp2040/dcd_rp2040.c.obj
                0x0000000010002a78                dcd_connect
 .text.dcd_init
                0x0000000010002a88       0x98 CMakeFiles/kat_controller.dir/home/matthew/pico/pico-sdk/lib/tinyusb/src/portable/raspberrypi/rp2040/dcd_rp2040.c.obj
                0x0000000010002a88                dcd_init
 .text.dcd_edpt0_status_complete
                0x0000000010002b20       0x1c CMakeFiles/kat_controller.dir/home/matthew/pico/pico-sdk/lib/tinyusb/src/portable/raspberrypi/rp2040/dcd_rp2040.c.obj
                0x0000000010002b20                dcd_edpt0_status_complete
 .text.dcd_edpt_open
                0x0000000010002b3c      0x108 CMakeFiles/kat_controller.dir/home/matthew/pico/pico-sdk/lib/tinyusb/src/portable/raspberrypi/rp2040/dcd_rp2040.c.obj
                0x0000000010002b3c                dcd_edpt_open
 .text.dcd_edpt_close_all
                0x0000000010002c44        0x8 CMakeFiles/kat_controller.dir/home/matthew/pico/pico-sdk/lib/tinyusb/src/portable/raspberrypi/rp2040/dcd_rp2040.c.obj
                0x0000000010002c44                dcd_edpt_close_all
 .text.dcd_edpt_xfer
                0x0000000010002c4c       0x24 CMakeFiles/kat_controller.dir/home/matthew/pico/pico-sdk/lib/tinyusb/src/portable/raspberrypi/rp2040/dcd_rp2040.c.obj
                0x0000000010002c4c                dcd_edpt_xfer
 .text.dcd_edpt_stall
                0x0000000010002c70       0x38 CMakeFiles/kat_controller.dir/home/matthew/pico/pico-sdk/lib/tinyusb/src/portable/raspberrypi/rp2040/dcd_rp2040.c.obj
                0x0000000010002c70                dcd_edpt_stall
 .text.dcd_edpt_clear_stall
                0x0000000010002ca8       0x30 CMakeFiles/kat_controller.dir/home/matthew/pico/pico-sdk/lib/tinyusb/src/portable/raspberrypi/rp2040/dcd_rp2040.c.obj
                0x0000000010002ca8                dcd_edpt_clear_stall
 .text.rp2040_usb_init
                0x0000000010002cd8       0x4c CMakeFiles/kat_controller.dir/home/matthew/pico/pico-sdk/lib/tinyusb/src/portable/raspberrypi/rp2040/rp2040_usb.c.obj
                0x0000000010002cd8                rp2040_usb_init
 .text.hw_endpoint_xfer_start
                0x0000000010002d24       0x50 CMakeFiles/kat_controller.dir/home/matthew/pico/pico-sdk/lib/tinyusb/src/portable/raspberrypi/rp2040/rp2040_usb.c.obj
                0x0000000010002d24                hw_endpoint_xfer_start
 .text.tud_mounted
                0x0000000010002d74       0x10 CMakeFiles/kat_controller.dir/home/matthew/pico/pico-sdk/lib/tinyusb/src/device/usbd.c.obj
                0x0000000010002d74                tud_mounted
 .text.tud_suspended
                0x0000000010002d84       0x10 CMakeFiles/kat_controller.dir/home/matthew/pico/pico-sdk/lib/tinyusb/src/device/usbd.c.obj
                0x0000000010002d84                tud_suspended
 .text.tud_inited
                0x0000000010002d94       0x14 CMakeFiles/kat_controller.dir/home/matthew/pico/pico-sdk/lib/tinyusb/src/device/usbd.c.obj
                0x0000000010002d94                tud_inited
 .text.tud_init
                0x0000000010002da8       0xe4 CMakeFiles/kat_controller.dir/home/matthew/pico/pico-sdk/lib/tinyusb/src/device/usbd.c.obj
                0x0000000010002da8                tud_init
 .text.tud_task_ext
                0x0000000010002e8c      0x854 CMakeFiles/kat_controller.dir/home/matthew/pico/pico-sdk/lib/tinyusb/src/device/usbd.c.obj
                0x0000000010002e8c                tud_task_ext
 .text.usbd_open_edpt_pair
                0x00000000100036e0       0x9c CMakeFiles/kat_controller.dir/home/matthew/pico/pico-sdk/lib/tinyusb/src/device/usbd.c.obj
                0x00000000100036e0                usbd_open_edpt_pair
 .text.usbd_defer_func
                0x000000001000377c       0x48 CMakeFiles/kat_controller.dir/home/matthew/pico/pico-sdk/lib/tinyusb/src/device/usbd.c.obj
                0x000000001000377c                usbd_defer_func
 .text.usbd_edpt_open
                0x00000000100037c4       0x34 CMakeFiles/kat_controller.dir/home/matthew/pico/pico-sdk/lib/tinyusb/src/device/usbd.c.obj
                0x00000000100037c4                usbd_edpt_open
 .text.usbd_edpt_claim
                0x00000000100037f8       0x28 CMakeFiles/kat_controller.dir/home/matthew/pico/pico-sdk/lib/tinyusb/src/device/usbd.c.obj
                0x00000000100037f8                usbd_edpt_claim
 .text.usbd_edpt_release
                0x0000000010003820       0x28 CMakeFiles/kat_controller.dir/home/matthew/pico/pico-sdk/lib/tinyusb/src/device/usbd.c.obj
                0x0000000010003820                usbd_edpt_release
 .text.usbd_edpt_xfer
                0x0000000010003848       0x4c CMakeFiles/kat_controller.dir/home/matthew/pico/pico-sdk/lib/tinyusb/src/device/usbd.c.obj
                0x0000000010003848                usbd_edpt_xfer
 .text.tud_control_status
                0x0000000010003894       0x30 CMakeFiles/kat_controller.dir/home/matthew/pico/pico-sdk/lib/tinyusb/src/device/usbd_control.c.obj
                0x0000000010003894                tud_control_status
 .text.tud_control_xfer
                0x00000000100038c4       0xbc CMakeFiles/kat_controller.dir/home/matthew/pico/pico-sdk/lib/tinyusb/src/device/usbd_control.c.obj
                0x00000000100038c4                tud_control_xfer
 .text.usbd_control_reset
                0x0000000010003980       0x14 CMakeFiles/kat_controller.dir/home/matthew/pico/pico-sdk/lib/tinyusb/src/device/usbd_control.c.obj
                0x0000000010003980                usbd_control_reset
 .text.usbd_control_set_complete_callback
                0x0000000010003994        0xc CMakeFiles/kat_controller.dir/home/matthew/pico/pico-sdk/lib/tinyusb/src/device/usbd_control.c.obj
                0x0000000010003994                usbd_control_set_complete_callback
 .text.usbd_control_set_request
                0x00000000100039a0       0x1c CMakeFiles/kat_controller.dir/home/matthew/pico/pico-sdk/lib/tinyusb/src/device/usbd_control.c.obj
                0x00000000100039a0                usbd_control_set_request
 .text.usbd_control_xfer_cb
                0x00000000100039bc       0xfc CMakeFiles/kat_controller.dir/home/matthew/pico/pico-sdk/lib/tinyusb/src/device/usbd_control.c.obj
                0x00000000100039bc                usbd_control_xfer_cb
 .text.tud_cdc_n_connected
                0x0000000010003ab8       0x30 CMakeFiles/kat_controller.dir/home/matthew/pico/pico-sdk/lib/tinyusb/src/class/cdc/cdc_device.c.obj
                0x0000000010003ab8                tud_cdc_n_connected
 .text.tud_cdc_n_available
                0x0000000010003ae8       0x18 CMakeFiles/kat_controller.dir/home/matthew/pico/pico-sdk/lib/tinyusb/src/class/cdc/cdc_device.c.obj
                0x0000000010003ae8                tud_cdc_n_available
 .text.tud_cdc_n_read
                0x0000000010003b00       0x70 CMakeFiles/kat_controller.dir/home/matthew/pico/pico-sdk/lib/tinyusb/src/class/cdc/cdc_device.c.obj
                0x0000000010003b00                tud_cdc_n_read
 .text.tud_cdc_n_write_flush
                0x0000000010003b70       0x78 CMakeFiles/kat_controller.dir/home/matthew/pico/pico-sdk/lib/tinyusb/src/class/cdc/cdc_device.c.obj
                0x0000000010003b70                tud_cdc_n_write_flush
 .text.tud_cdc_n_write
                0x0000000010003be8       0x34 CMakeFiles/kat_controller.dir/home/matthew/pico/pico-sdk/lib/tinyusb/src/class/cdc/cdc_device.c.obj
                0x0000000010003be8                tud_cdc_n_write
 .text.tud_cdc_n_write_available
                0x0000000010003c1c       0x18 CMakeFiles/kat_controller.dir/home/matthew/pico/pico-sdk/lib/tinyusb/src/class/cdc/cdc_device.c.obj
                0x0000000010003c1c                tud_cdc_n_write_available
 .text.cdcd_init
                0x0000000010003c34       0x7c CMakeFiles/kat_controller.dir/home/matthew/pico/pico-sdk/lib/tinyusb/src/class/cdc/cdc_device.c.obj
                0x0000000010003c34                cdcd_init
 .text.cdcd_reset
                0x0000000010003cb0       0x2c CMakeFiles/kat_controller.dir/home/matthew/pico/pico-sdk/lib/tinyusb/src/class/cdc/cdc_device.c.obj
                0x0000000010003cb0                cdcd_reset
 .text.cdcd_open
                0x0000000010003cdc       0xe8 CMakeFiles/kat_controller.dir/home/matthew/pico/pico-sdk/lib/tinyusb/src/class/cdc/cdc_device.c.obj
                0x0000000010003cdc                cdcd_open
 .text.cdcd_control_xfer_cb
                0x0000000010003dc4       0xe4 CMakeFiles/kat_controller.dir/home/matthew/pico/pico-sdk/lib/tinyusb/src/class/cdc/cdc_device.c.obj
                0x0000000010003dc4                cdcd_control_xfer_cb
 .text.cdcd_xfer_cb
                0x0000000010003ea8      0x148 CMakeFiles/kat_controller.dir/home/matthew/pico/pico-sdk/lib/tinyusb/src/class/cdc/cdc_device.c.obj
                0x0000000010003ea8                cdcd_xfer_cb
 .text.tusb_init
                0x0000000010003ff0        0xc CMakeFiles/kat_controller.dir/home/matthew/pico/pico-sdk/lib/tinyusb/src/tusb.c.obj
                0x0000000010003ff0                tusb_init
 .text.tusb_inited
                0x0000000010003ffc        0x8 CMakeFiles/kat_controller.dir/home/matthew/pico/pico-sdk/lib/tinyusb/src/tusb.c.obj
                0x0000000010003ffc                tusb_inited
 .text.tu_edpt_claim
                0x0000000010004004       0x50 CMakeFiles/kat_controller.dir/home/matthew/pico/pico-sdk/lib/tinyusb/src/tusb.c.obj
                0x0000000010004004                tu_edpt_claim
 .text.tu_edpt_release
                0x0000000010004054       0x38 CMakeFiles/kat_controller.dir/home/matthew/pico/pico-sdk/lib/tinyusb/src/tusb.c.obj
                0x0000000010004054                tu_edpt_release
 .text.tu_edpt_validate
                0x000000001000408c       0x78 CMakeFiles/kat_controller.dir/home/matthew/pico/pico-sdk/lib/tinyusb/src/tusb.c.obj
                0x000000001000408c                tu_edpt_validate
 .text.tu_edpt_bind_driver
                0x0000000010004104       0x34 CMakeFiles/kat_controller.dir/home/matthew/pico/pico-sdk/lib/tinyusb/src/tusb.c.obj
                0x0000000010004104                tu_edpt_bind_driver
 .text.tu_fifo_config
                0x0000000010004138       0x70 CMakeFiles/kat_controller.dir/home/matthew/pico/pico-sdk/lib/tinyusb/src/common/tusb_fifo.c.obj
                0x0000000010004138                tu_fifo_config
 .text.tu_fifo_count
                0x00000000100041a8       0x2c CMakeFiles/kat_controller.dir/home/matthew/pico/pico-sdk/lib/tinyusb/src/common/tusb_fifo.c.obj
                0x00000000100041a8                tu_fifo_count
 .text.tu_fifo_empty
                0x00000000100041d4       0x10 CMakeFiles/kat_controller.dir/home/matthew/pico/pico-sdk/lib/tinyusb/src/common/tusb_fifo.c.obj
                0x00000000100041d4                tu_fifo_empty
 .text.tu_fifo_remaining
                0x00000000100041e4       0x2c CMakeFiles/kat_controller.dir/home/matthew/pico/pico-sdk/lib/tinyusb/src/common/tusb_fifo.c.obj
                0x00000000100041e4                tu_fifo_remaining
 .text.tu_fifo_read
                0x0000000010004210       0xa0 CMakeFiles/kat_controller.dir/home/matthew/pico/pico-sdk/lib/tinyusb/src/common/tusb_fifo.c.obj
                0x0000000010004210                tu_fifo_read
 .text.tu_fifo_read_n
                0x00000000100042b0       0xec CMakeFiles/kat_controller.dir/home/matthew/pico/pico-sdk/lib/tinyusb/src/common/tusb_fifo.c.obj
                0x00000000100042b0                tu_fifo_read_n
 .text.tu_fifo_write
                0x000000001000439c       0x88 CMakeFiles/kat_controller.dir/home/matthew/pico/pico-sdk/lib/tinyusb/src/common/tusb_fifo.c.obj
                0x000000001000439c                tu_fifo_write
 .text.tu_fifo_write_n
                0x0000000010004424      0x168 CMakeFiles/kat_controller.dir/home/matthew/pico/pico-sdk/lib/tinyusb/src/common/tusb_fifo.c.obj
                0x0000000010004424                tu_fifo_write_n
 .text.tu_fifo_clear
                0x000000001000458c       0x40 CMakeFiles/kat_controller.dir/home/matthew/pico/pico-sdk/lib/tinyusb/src/common/tusb_fifo.c.obj
                0x000000001000458c                tu_fifo_clear
 .text.tu_fifo_set_overwritable
                0x00000000100045cc       0x48 CMakeFiles/kat_controller.dir/home/matthew/pico/pico-sdk/lib/tinyusb/src/common/tusb_fifo.c.obj
                0x00000000100045cc                tu_fifo_set_overwritable
 .text.pio_add_program
                0x0000000010004614       0xc8 CMakeFiles/kat_controller.dir/home/matthew/pico/pico-sdk/src/rp2_common/hardware_pio/pio.c.obj
                0x0000000010004614                pio_add_program
 .text.pio_sm_set_consecutive_pindirs
                0x00000000100046dc       0xb0 CMakeFiles/kat_controller.dir/home/matthew/pico/pico-sdk/src/rp2_common/hardware_pio/pio.c.obj
                0x00000000100046dc                pio_sm_set_consecutive_pindirs
 .text.pio_sm_init
                0x000000001000478c       0x8c CMakeFiles/kat_controller.dir/home/matthew/pico/pico-sdk/src/rp2_common/hardware_pio/pio.c.obj
                0x000000001000478c                pio_sm_init
 .text          0x0000000010004818       0x5c /usr/lib/gcc/arm-none-eabi/10.3.1/../../../arm-none-eabi/lib/thumb/v6-m/nofp/libc.a(lib_a-strlen-stub.o)
                0x0000000010004818                strlen
 *(.fini)
 .fini          0x0000000010004874        0x4 /usr/lib/gcc/arm-none-eabi/10.3.1/thumb/v6-m/nofp/crti.o
                0x0000000010004874                _fini
 .fini.__stub   0x0000000010004878       0xc0 linker stubs
 *crtbegin.o(.ctors)
 *crtbegin?.o(.ctors)
 *(EXCLUDE_FILE(*crtend.o *crtend?.o) .ctors)
 *(SORT_BY_NAME(.ctors.*))
 *(.ctors)
 *crtbegin.o(.dtors)
 *crtbegin?.o(.dtors)
 *(EXCLUDE_FILE(*crtend.o *crtend?.o) .dtors)
 *(SORT_BY_NAME(.dtors.*))
 *(.dtors)
 *(.eh_frame*)
 .eh_frame      0x0000000010004938        0x0 /usr/lib/gcc/arm-none-eabi/10.3.1/thumb/v6-m/nofp/crtbegin.o
                0x0000000010004938                . = ALIGN (0x4)

.glue_7         0x0000000010004938        0x0
 .glue_7        0x0000000010004938        0x0 linker stubs

.glue_7t        0x0000000010004938        0x0
 .glue_7t       0x0000000010004938        0x0 linker stubs

.vfp11_veneer   0x0000000010004938        0x0
 .vfp11_veneer  0x0000000010004938        0x0 linker stubs

.v4_bx          0x0000000010004938        0x0
 .v4_bx         0x0000000010004938        0x0 linker stubs

.iplt           0x0000000010004938        0x0
 .iplt          0x0000000010004938        0x0 /usr/lib/gcc/arm-none-eabi/10.3.1/thumb/v6-m/nofp/crtbegin.o

.rodata         0x0000000010004938      0x2f8
 *(EXCLUDE_FILE(*libm.a: *libc.a:*lib_a-mem*.o *libgcc.a:) .rodata*)
 .rodata._ZL27ws2812_parallel_16b_program
                0x0000000010004938        0x6 CMakeFiles/kat_controller.dir/main.cc.obj
 *fill*         0x000000001000493e        0x2 
 .rodata._ZL40ws2812_parallel_16b_program_instructions
                0x0000000010004940        0x4 CMakeFiles/kat_controller.dir/main.cc.obj
 .rodata.spin_lock_claim_unused.str1.4
                0x0000000010004944       0x1b CMakeFiles/kat_controller.dir/home/matthew/pico/pico-sdk/src/rp2_common/hardware_sync/sync.c.obj
 *fill*         0x000000001000495f        0x1 
 .rodata.user_irq_claim_unused.str1.4
                0x0000000010004960       0x1b CMakeFiles/kat_controller.dir/home/matthew/pico/pico-sdk/src/rp2_common/hardware_irq/irq.c.obj
 *fill*         0x000000001000497b        0x1 
 .rodata.hardware_alarm_claim.str1.4
                0x000000001000497c       0x22 CMakeFiles/kat_controller.dir/home/matthew/pico/pico-sdk/src/rp2_common/hardware_timer/timer.c.obj
 *fill*         0x000000001000499e        0x2 
 .rodata.panic.str1.4
                0x00000000100049a0       0x12 CMakeFiles/kat_controller.dir/home/matthew/pico/pico-sdk/src/rp2_common/pico_runtime/runtime.c.obj
 *fill*         0x00000000100049b2        0x2 
 .rodata.hard_assertion_failure.str1.4
                0x00000000100049b4        0xc CMakeFiles/kat_controller.dir/home/matthew/pico/pico-sdk/src/rp2_common/pico_runtime/runtime.c.obj
 .rodata.str1.4
                0x00000000100049c0       0x44 CMakeFiles/kat_controller.dir/home/matthew/pico/pico-sdk/src/rp2_common/pico_standard_link/binary_info.c.obj
 .rodata.__bi_44
                0x0000000010004a04        0xc CMakeFiles/kat_controller.dir/home/matthew/pico/pico-sdk/src/rp2_common/pico_standard_link/binary_info.c.obj
 .rodata.__bi_75
                0x0000000010004a10        0xc CMakeFiles/kat_controller.dir/home/matthew/pico/pico-sdk/src/rp2_common/pico_standard_link/binary_info.c.obj
 .rodata.__bi_81
                0x0000000010004a1c        0xc CMakeFiles/kat_controller.dir/home/matthew/pico/pico-sdk/src/rp2_common/pico_standard_link/binary_info.c.obj
 .rodata.crlf_str.0
                0x0000000010004a28        0x2 CMakeFiles/kat_controller.dir/home/matthew/pico/pico-sdk/src/rp2_common/pico_stdio/stdio.c.obj
 *fill*         0x0000000010004a2a        0x2 
 .rodata._resetd_driver
                0x0000000010004a2c       0x18 CMakeFiles/kat_controller.dir/home/matthew/pico/pico-sdk/src/rp2_common/pico_stdio_usb/reset_interface.c.obj
 .rodata.str1.4
                0x0000000010004a44       0x13 CMakeFiles/kat_controller.dir/home/matthew/pico/pico-sdk/src/rp2_common/pico_stdio_usb/stdio_usb.c.obj
 *fill*         0x0000000010004a57        0x1 
 .rodata.__bi_182.0
                0x0000000010004a58        0xc CMakeFiles/kat_controller.dir/home/matthew/pico/pico-sdk/src/rp2_common/pico_stdio_usb/stdio_usb.c.obj
 .rodata.str1.4
                0x0000000010004a64       0x2a CMakeFiles/kat_controller.dir/home/matthew/pico/pico-sdk/src/rp2_common/pico_stdio_usb/stdio_usb_descriptors.c.obj
 *fill*         0x0000000010004a8e        0x2 
 .rodata.usbd_desc_cfg
                0x0000000010004a90       0x54 CMakeFiles/kat_controller.dir/home/matthew/pico/pico-sdk/src/rp2_common/pico_stdio_usb/stdio_usb_descriptors.c.obj
 .rodata.usbd_desc_device
                0x0000000010004ae4       0x12 CMakeFiles/kat_controller.dir/home/matthew/pico/pico-sdk/src/rp2_common/pico_stdio_usb/stdio_usb_descriptors.c.obj
 *fill*         0x0000000010004af6        0x2 
 .rodata.usbd_desc_str
                0x0000000010004af8       0x18 CMakeFiles/kat_controller.dir/home/matthew/pico/pico-sdk/src/rp2_common/pico_stdio_usb/stdio_usb_descriptors.c.obj
 .rodata.str1.4
                0x0000000010004b10       0x14 CMakeFiles/kat_controller.dir/home/matthew/pico/pico-sdk/lib/tinyusb/src/portable/raspberrypi/rp2040/dcd_rp2040.c.obj
 .rodata.str1.4
                0x0000000010004b24       0x53 CMakeFiles/kat_controller.dir/home/matthew/pico/pico-sdk/lib/tinyusb/src/portable/raspberrypi/rp2040/rp2040_usb.c.obj
 *fill*         0x0000000010004b77        0x1 
 .rodata.tud_task_ext
                0x0000000010004b78       0x8c CMakeFiles/kat_controller.dir/home/matthew/pico/pico-sdk/lib/tinyusb/src/device/usbd.c.obj
 .rodata._usbd_driver
                0x0000000010004c04       0x18 CMakeFiles/kat_controller.dir/home/matthew/pico/pico-sdk/lib/tinyusb/src/device/usbd.c.obj
 .rodata.pio_add_program.str1.4
                0x0000000010004c1c       0x11 CMakeFiles/kat_controller.dir/home/matthew/pico/pico-sdk/src/rp2_common/hardware_pio/pio.c.obj
                0x0000000010004c30                . = ALIGN (0x4)
 *fill*         0x0000000010004c2d        0x3 
 *(SORT_BY_ALIGNMENT(SORT_BY_NAME(.flashdata*)))
                0x0000000010004c30                . = ALIGN (0x4)

.ARM.extab
 *(.ARM.extab* .gnu.linkonce.armextab.*)
                0x0000000010004c30                __exidx_start = .

.ARM.exidx
 *(.ARM.exidx* .gnu.linkonce.armexidx.*)
                0x0000000010004c30                __exidx_end = .
                0x0000000010004c30                . = ALIGN (0x4)
                0x0000000010004c30                __binary_info_start = .

.binary_info    0x0000000010004c30       0x20
 *(.binary_info.keep.*)
 .binary_info.keep.__bi_ptr22
                0x0000000010004c30        0x4 CMakeFiles/kat_controller.dir/home/matthew/pico/pico-sdk/src/rp2_common/pico_standard_link/binary_info.c.obj
 .binary_info.keep.__bi_ptr30
                0x0000000010004c34        0x4 CMakeFiles/kat_controller.dir/home/matthew/pico/pico-sdk/src/rp2_common/pico_standard_link/binary_info.c.obj
 .binary_info.keep.__bi_ptr38
                0x0000000010004c38        0x4 CMakeFiles/kat_controller.dir/home/matthew/pico/pico-sdk/src/rp2_common/pico_standard_link/binary_info.c.obj
 .binary_info.keep.__bi_ptr44
                0x0000000010004c3c        0x4 CMakeFiles/kat_controller.dir/home/matthew/pico/pico-sdk/src/rp2_common/pico_standard_link/binary_info.c.obj
 .binary_info.keep.__bi_ptr50
                0x0000000010004c40        0x4 CMakeFiles/kat_controller.dir/home/matthew/pico/pico-sdk/src/rp2_common/pico_standard_link/binary_info.c.obj
 .binary_info.keep.__bi_ptr75
                0x0000000010004c44        0x4 CMakeFiles/kat_controller.dir/home/matthew/pico/pico-sdk/src/rp2_common/pico_standard_link/binary_info.c.obj
 .binary_info.keep.__bi_ptr81
                0x0000000010004c48        0x4 CMakeFiles/kat_controller.dir/home/matthew/pico/pico-sdk/src/rp2_common/pico_standard_link/binary_info.c.obj
 *(.binary_info.*)
 .binary_info.__bi_ptr182
                0x0000000010004c4c        0x4 CMakeFiles/kat_controller.dir/home/matthew/pico/pico-sdk/src/rp2_common/pico_stdio_usb/stdio_usb.c.obj
                0x0000000010004c50                __binary_info_end = .

.rel.dyn        0x0000000010004c50        0x0
 .rel.iplt      0x0000000010004c50        0x0 /usr/lib/gcc/arm-none-eabi/10.3.1/thumb/v6-m/nofp/crtbegin.o
                0x0000000010004c50                . = ALIGN (0x4)

.ram_vector_table
                0x0000000020000000       0xc0
 *(.ram_vector_table)
 .ram_vector_table
                0x0000000020000000       0xc0 CMakeFiles/kat_controller.dir/home/matthew/pico/pico-sdk/src/rp2_common/pico_runtime/runtime.c.obj
                0x0000000020000000                ram_vector_table

.data           0x00000000200000c0      0xe50 load address 0x0000000010004c50
                0x00000000200000c0                __data_start__ = .
 *(vtable)
 *(.time_critical*)
 .time_critical.mutex_try_enter
                0x00000000200000c0       0x44 CMakeFiles/kat_controller.dir/home/matthew/pico/pico-sdk/src/common/pico_sync/mutex.c.obj
                0x00000000200000c0                mutex_try_enter
 .time_critical.mutex_try_enter_block_until
                0x0000000020000104       0x9c CMakeFiles/kat_controller.dir/home/matthew/pico/pico-sdk/src/common/pico_sync/mutex.c.obj
                0x0000000020000104                mutex_try_enter_block_until
 .time_critical.mutex_enter_timeout_ms
                0x00000000200001a0       0x90 CMakeFiles/kat_controller.dir/home/matthew/pico/pico-sdk/src/common/pico_sync/mutex.c.obj
                0x00000000200001a0                mutex_enter_timeout_ms
 .time_critical.mutex_exit
                0x0000000020000230       0x28 CMakeFiles/kat_controller.dir/home/matthew/pico/pico-sdk/src/common/pico_sync/mutex.c.obj
                0x0000000020000230                mutex_exit
 .time_critical.flash_init_boot2_copyout
                0x0000000020000258       0x30 CMakeFiles/kat_controller.dir/home/matthew/pico/pico-sdk/src/rp2_common/hardware_flash/flash.c.obj
 .time_critical.flash_enable_xip_via_boot2
                0x0000000020000288       0x10 CMakeFiles/kat_controller.dir/home/matthew/pico/pico-sdk/src/rp2_common/hardware_flash/flash.c.obj
 .time_critical.flash_cs_force
                0x0000000020000298       0x38 CMakeFiles/kat_controller.dir/home/matthew/pico/pico-sdk/src/rp2_common/hardware_flash/flash.c.obj
 .time_critical.flash_do_cmd
                0x00000000200002d0       0xc4 CMakeFiles/kat_controller.dir/home/matthew/pico/pico-sdk/src/rp2_common/hardware_flash/flash.c.obj
                0x00000000200002d0                flash_do_cmd
 .time_critical.reset_non_control_endpoints
                0x0000000020000394       0xbc CMakeFiles/kat_controller.dir/home/matthew/pico/pico-sdk/lib/tinyusb/src/portable/raspberrypi/rp2040/dcd_rp2040.c.obj
 .time_critical.hw_handle_buff_status
                0x0000000020000450       0xa8 CMakeFiles/kat_controller.dir/home/matthew/pico/pico-sdk/lib/tinyusb/src/portable/raspberrypi/rp2040/dcd_rp2040.c.obj
 .time_critical.dcd_rp2040_irq
                0x00000000200004f8      0x4d8 CMakeFiles/kat_controller.dir/home/matthew/pico/pico-sdk/lib/tinyusb/src/portable/raspberrypi/rp2040/dcd_rp2040.c.obj
 .time_critical.e15_is_bulkin_ep
                0x00000000200009d0       0x28 CMakeFiles/kat_controller.dir/home/matthew/pico/pico-sdk/lib/tinyusb/src/portable/raspberrypi/rp2040/rp2040_usb.c.obj
 .time_critical.e15_is_critical_frame_period
                0x00000000200009f8       0x34 CMakeFiles/kat_controller.dir/home/matthew/pico/pico-sdk/lib/tinyusb/src/portable/raspberrypi/rp2040/rp2040_usb.c.obj
 .time_critical.prepare_ep_buffer
                0x0000000020000a2c       0x70 CMakeFiles/kat_controller.dir/home/matthew/pico/pico-sdk/lib/tinyusb/src/portable/raspberrypi/rp2040/rp2040_usb.c.obj
 .time_critical.sync_ep_buffer
                0x0000000020000a9c       0x4c CMakeFiles/kat_controller.dir/home/matthew/pico/pico-sdk/lib/tinyusb/src/portable/raspberrypi/rp2040/rp2040_usb.c.obj
 .time_critical._hw_endpoint_xfer_sync
                0x0000000020000ae8       0x28 CMakeFiles/kat_controller.dir/home/matthew/pico/pico-sdk/lib/tinyusb/src/portable/raspberrypi/rp2040/rp2040_usb.c.obj
 .time_critical.hw_endpoint_reset_transfer
                0x0000000020000b10        0xc CMakeFiles/kat_controller.dir/home/matthew/pico/pico-sdk/lib/tinyusb/src/portable/raspberrypi/rp2040/rp2040_usb.c.obj
                0x0000000020000b10                hw_endpoint_reset_transfer
 .time_critical._hw_endpoint_buffer_control_update32
                0x0000000020000b1c       0x58 CMakeFiles/kat_controller.dir/home/matthew/pico/pico-sdk/lib/tinyusb/src/portable/raspberrypi/rp2040/rp2040_usb.c.obj
                0x0000000020000b1c                _hw_endpoint_buffer_control_update32
 .time_critical.hw_endpoint_start_next_buffer
                0x0000000020000b74       0x6c CMakeFiles/kat_controller.dir/home/matthew/pico/pico-sdk/lib/tinyusb/src/portable/raspberrypi/rp2040/rp2040_usb.c.obj
                0x0000000020000b74                hw_endpoint_start_next_buffer
 .time_critical.hw_endpoint_xfer_continue
                0x0000000020000be0       0x50 CMakeFiles/kat_controller.dir/home/matthew/pico/pico-sdk/lib/tinyusb/src/portable/raspberrypi/rp2040/rp2040_usb.c.obj
                0x0000000020000be0                hw_endpoint_xfer_continue
 .time_critical.tinyusb
                0x0000000020000c30      0x170 CMakeFiles/kat_controller.dir/home/matthew/pico/pico-sdk/lib/tinyusb/src/device/usbd.c.obj
                0x0000000020000c30                dcd_event_handler
 *(.text*)
 .text          0x0000000020000da0        0x4 /usr/lib/gcc/arm-none-eabi/10.3.1/thumb/v6-m/nofp/libgcc.a(_dvmd_tls.o)
                0x0000000020000da0                __aeabi_ldiv0
                0x0000000020000da0                __aeabi_idiv0
 *fill*         0x0000000020000da4        0x4 
 .text.__stub   0x0000000020000da8       0x70 linker stubs
                0x0000000020000e18                . = ALIGN (0x4)
 *(.rodata*)
                0x0000000020000e18                . = ALIGN (0x4)
 *(.data*)
 .data.striped_spin_lock_num
                0x0000000020000e18        0x1 CMakeFiles/kat_controller.dir/home/matthew/pico/pico-sdk/src/rp2_common/hardware_sync/sync.c.obj
 *fill*         0x0000000020000e19        0x3 
 .data          0x0000000020000e1c       0x48 CMakeFiles/kat_controller.dir/home/matthew/pico/pico-sdk/src/rp2_common/hardware_irq/irq_handler_chain.S.obj
                0x0000000020000e1c                irq_handler_chain_slots
                0x0000000020000e4c                irq_handler_chain_first_slot
                0x0000000020000e56                irq_handler_chain_remove_tail
 .data.default_alarm_pool
                0x0000000020000e64       0x18 CMakeFiles/kat_controller.dir/home/matthew/pico/pico-sdk/src/common/pico_time/time.c.obj
 .data.default_alarm_pool_heap
                0x0000000020000e7c       0x10 CMakeFiles/kat_controller.dir/home/matthew/pico/pico-sdk/src/common/pico_time/time.c.obj
 *fill*         0x0000000020000e8c        0x4 
 .data.aeabi_bits_funcs
                0x0000000020000e90       0x10 CMakeFiles/kat_controller.dir/home/matthew/pico/pico-sdk/src/rp2_common/pico_bit_ops/bit_ops_aeabi.S.obj
                0x0000000020000e90                aeabi_bits_funcs
                0x0000000020000ea0                aeabi_bits_funcs_end
 .data.aeabi_mem_funcs
                0x0000000020000ea0       0x10 CMakeFiles/kat_controller.dir/home/matthew/pico/pico-sdk/src/rp2_common/pico_mem_ops/mem_ops_aeabi.S.obj
                0x0000000020000ea0                aeabi_mem_funcs
                0x0000000020000eb0                aeabi_mem_funcs_end
 .data.stdio_usb
                0x0000000020000eb0       0x18 CMakeFiles/kat_controller.dir/home/matthew/pico/pico-sdk/src/rp2_common/pico_stdio_usb/stdio_usb.c.obj
                0x0000000020000eb0                stdio_usb
 .data.ep_dir_string
                0x0000000020000ec8        0x8 CMakeFiles/kat_controller.dir/home/matthew/pico/pico-sdk/lib/tinyusb/src/portable/raspberrypi/rp2040/rp2040_usb.c.obj
                0x0000000020000ec8                ep_dir_string
 .data._usbd_qdef
                0x0000000020000ed0       0x1c CMakeFiles/kat_controller.dir/home/matthew/pico/pico-sdk/lib/tinyusb/src/device/usbd.c.obj
                0x0000000020000ed0                _usbd_qdef
 .data._usbd_rhport
                0x0000000020000eec        0x1 CMakeFiles/kat_controller.dir/home/matthew/pico/pico-sdk/lib/tinyusb/src/device/usbd.c.obj
                0x0000000020000ef0                . = ALIGN (0x4)
 *fill*         0x0000000020000eed        0x3 
 *(.after_data.*)
                0x0000000020000ef0                . = ALIGN (0x4)
                0x0000000020000ef0                PROVIDE (__mutex_array_start = .)
 *(SORT_BY_NAME(.mutex_array.*))
 *(.mutex_array)
 .mutex_array   0x0000000020000ef0        0x8 CMakeFiles/kat_controller.dir/home/matthew/pico/pico-sdk/src/rp2_common/pico_stdio/stdio.c.obj
                0x0000000020000ef8                PROVIDE (__mutex_array_end = .)
                0x0000000020000ef8                . = ALIGN (0x4)
                0x0000000020000ef8                PROVIDE (__preinit_array_start = .)
 *(SORT_BY_NAME(.preinit_array.*))
 .preinit_array.00001
                0x0000000020000ef8        0x4 CMakeFiles/kat_controller.dir/home/matthew/pico/pico-sdk/src/rp2_common/pico_mem_ops/mem_ops_aeabi.S.obj
 .preinit_array.00010
                0x0000000020000efc        0x4 CMakeFiles/kat_controller.dir/home/matthew/pico/pico-sdk/src/rp2_common/pico_bit_ops/bit_ops_aeabi.S.obj
 .preinit_array.00020
                0x0000000020000f00        0x4 CMakeFiles/kat_controller.dir/home/matthew/pico/pico-sdk/src/rp2_common/pico_double/double_aeabi.S.obj
 .preinit_array.00020
                0x0000000020000f04        0x4 CMakeFiles/kat_controller.dir/home/matthew/pico/pico-sdk/src/rp2_common/pico_float/float_aeabi.S.obj
 *(.preinit_array)
                0x0000000020000f08                PROVIDE (__preinit_array_end = .)
                0x0000000020000f08                . = ALIGN (0x4)
                0x0000000020000f08                PROVIDE (__init_array_start = .)
 *(SORT_BY_NAME(.init_array.*))
 *(.init_array)
 .init_array    0x0000000020000f08        0x4 /usr/lib/gcc/arm-none-eabi/10.3.1/thumb/v6-m/nofp/crtbegin.o
 .init_array    0x0000000020000f0c        0x4 CMakeFiles/kat_controller.dir/home/matthew/pico/pico-sdk/src/rp2_common/pico_unique_id/unique_id.c.obj
                0x0000000020000f10                PROVIDE (__init_array_end = .)
                0x0000000020000f10                . = ALIGN (0x4)
                0x0000000020000f10                PROVIDE (__fini_array_start = .)
 *(SORT_BY_NAME(.fini_array.*))
 *(.fini_array)
                0x0000000020000f10                PROVIDE (__fini_array_end = .)
 *(.jcr)
                0x0000000020000f10                . = ALIGN (0x4)
                0x0000000020000f10                __data_end__ = .
                0x0000000010004c50                __etext = LOADADDR (.data)

.tm_clone_table
                0x0000000020000f10        0x0 load address 0x0000000010005aa0
 .tm_clone_table
                0x0000000020000f10        0x0 /usr/lib/gcc/arm-none-eabi/10.3.1/thumb/v6-m/nofp/crtbegin.o
 .tm_clone_table
                0x0000000020000f10        0x0 /usr/lib/gcc/arm-none-eabi/10.3.1/thumb/v6-m/nofp/crtend.o

.igot.plt       0x0000000020000f10        0x0 load address 0x0000000010005aa0
 .igot.plt      0x0000000020000f10        0x0 /usr/lib/gcc/arm-none-eabi/10.3.1/thumb/v6-m/nofp/crtbegin.o

.uninitialized_data
                0x0000000020000f10        0x0 load address 0x0000000010005aa0
                0x0000000020000f10                . = ALIGN (0x4)
 *(.uninitialized_data*)

.scratch_x      0x0000000020040000        0x0 load address 0x0000000010005aa0
                0x0000000020040000                __scratch_x_start__ = .
 *(.scratch_x.*)
                0x0000000020040000                . = ALIGN (0x4)
                0x0000000020040000                __scratch_x_end__ = .
                0x0000000010005aa0                __scratch_x_source__ = LOADADDR (.scratch_x)

.scratch_y      0x0000000020041000        0x0 load address 0x0000000010005aa0
                0x0000000020041000                __scratch_y_start__ = .
 *(.scratch_y.*)
                0x0000000020041000                . = ALIGN (0x4)
                0x0000000020041000                __scratch_y_end__ = .
                0x0000000010005aa0                __scratch_y_source__ = LOADADDR (.scratch_y)

.bss            0x0000000020000f10      0xd90
                0x0000000020000f10                . = ALIGN (0x4)
                0x0000000020000f10                __bss_start__ = .
 *(SORT_BY_ALIGNMENT(SORT_BY_NAME(.bss*)))
 .bss.default_alarm_pool_entries
                0x0000000020000f10      0x100 CMakeFiles/kat_controller.dir/home/matthew/pico/pico-sdk/src/common/pico_time/time.c.obj
 .bss.last_avail_time.1
                0x0000000020001010        0x8 CMakeFiles/kat_controller.dir/home/matthew/pico/pico-sdk/src/rp2_common/pico_stdio_usb/stdio_usb.c.obj
 .bss.sd_table  0x0000000020001018      0x100 CMakeFiles/kat_controller.dir/home/matthew/pico/pico-sdk/src/rp2_common/pico_double/double_init_rom.c.obj
                0x0000000020001018                sd_table
 .bss.sf_table  0x0000000020001118      0x100 CMakeFiles/kat_controller.dir/home/matthew/pico/pico-sdk/src/rp2_common/pico_float/float_init_rom.c.obj
                0x0000000020001118                sf_table
 .bss           0x0000000020001218       0x1c /usr/lib/gcc/arm-none-eabi/10.3.1/thumb/v6-m/nofp/crtbegin.o
 .bss._app_driver
                0x0000000020001234        0x4 CMakeFiles/kat_controller.dir/home/matthew/pico/pico-sdk/lib/tinyusb/src/device/usbd.c.obj
 .bss._cdcd_itf
                0x0000000020001238      0x2c8 CMakeFiles/kat_controller.dir/home/matthew/pico/pico-sdk/lib/tinyusb/src/class/cdc/cdc_device.c.obj
 .bss._ctrl_xfer
                0x0000000020001500       0x14 CMakeFiles/kat_controller.dir/home/matthew/pico/pico-sdk/lib/tinyusb/src/device/usbd_control.c.obj
 .bss._ubsd_mutexdef
                0x0000000020001514        0x8 CMakeFiles/kat_controller.dir/home/matthew/pico/pico-sdk/lib/tinyusb/src/device/usbd.c.obj
 .bss._usbd_ctrl_buf
                0x000000002000151c       0x40 CMakeFiles/kat_controller.dir/home/matthew/pico/pico-sdk/lib/tinyusb/src/device/usbd_control.c.obj
 .bss._usbd_dev
                0x000000002000155c       0x53 CMakeFiles/kat_controller.dir/home/matthew/pico/pico-sdk/lib/tinyusb/src/device/usbd.c.obj
 *fill*         0x00000000200015af        0x1 
 .bss._usbd_mutex
                0x00000000200015b0        0x4 CMakeFiles/kat_controller.dir/home/matthew/pico/pico-sdk/lib/tinyusb/src/device/usbd.c.obj
 .bss._usbd_q   0x00000000200015b4        0x4 CMakeFiles/kat_controller.dir/home/matthew/pico/pico-sdk/lib/tinyusb/src/device/usbd.c.obj
 .bss._usbd_qdef_buf
                0x00000000200015b8       0xc0 CMakeFiles/kat_controller.dir/home/matthew/pico/pico-sdk/lib/tinyusb/src/device/usbd.c.obj
                0x00000000200015b8                _usbd_qdef_buf
 .bss._used_instruction_space
                0x0000000020001678        0x8 CMakeFiles/kat_controller.dir/home/matthew/pico/pico-sdk/src/rp2_common/hardware_pio/pio.c.obj
 .bss.alarm_callbacks
                0x0000000020001680       0x10 CMakeFiles/kat_controller.dir/home/matthew/pico/pico-sdk/src/rp2_common/hardware_timer/timer.c.obj
 .bss.boot2_copyout
                0x0000000020001690      0x100 CMakeFiles/kat_controller.dir/home/matthew/pico/pico-sdk/src/rp2_common/hardware_flash/flash.c.obj
 .bss.chars_available_callback
                0x0000000020001790        0x4 CMakeFiles/kat_controller.dir/home/matthew/pico/pico-sdk/src/rp2_common/pico_stdio_usb/stdio_usb.c.obj
 .bss.chars_available_param
                0x0000000020001794        0x4 CMakeFiles/kat_controller.dir/home/matthew/pico/pico-sdk/src/rp2_common/pico_stdio_usb/stdio_usb.c.obj
 .bss.claimed   0x0000000020001798        0x4 CMakeFiles/kat_controller.dir/home/matthew/pico/pico-sdk/src/rp2_common/hardware_sync/sync.c.obj
 .bss.configured_freq
                0x000000002000179c       0x28 CMakeFiles/kat_controller.dir/home/matthew/pico/pico-sdk/src/rp2_common/hardware_clocks/clocks.c.obj
 .bss.default_alarm_pool_entry_ids_high
                0x00000000200017c4       0x10 CMakeFiles/kat_controller.dir/home/matthew/pico/pico-sdk/src/common/pico_time/time.c.obj
 .bss.default_alarm_pool_heap_nodes
                0x00000000200017d4       0x30 CMakeFiles/kat_controller.dir/home/matthew/pico/pico-sdk/src/common/pico_time/time.c.obj
 .bss.desc_str.0
                0x0000000020001804       0x28 CMakeFiles/kat_controller.dir/home/matthew/pico/pico-sdk/src/rp2_common/pico_stdio_usb/stdio_usb_descriptors.c.obj
 .bss.drivers   0x000000002000182c        0x4 CMakeFiles/kat_controller.dir/home/matthew/pico/pico-sdk/src/rp2_common/pico_stdio/stdio.c.obj
 .bss.e15_last_sof
                0x0000000020001830        0x4 CMakeFiles/kat_controller.dir/home/matthew/pico/pico-sdk/lib/tinyusb/src/portable/raspberrypi/rp2040/rp2040_usb.c.obj
                0x0000000020001830                e15_last_sof
 .bss.filter    0x0000000020001834        0x4 CMakeFiles/kat_controller.dir/home/matthew/pico/pico-sdk/src/rp2_common/pico_stdio/stdio.c.obj
 .bss.hw_endpoints
                0x0000000020001838      0x400 CMakeFiles/kat_controller.dir/home/matthew/pico/pico-sdk/lib/tinyusb/src/portable/raspberrypi/rp2040/dcd_rp2040.c.obj
 .bss.lazy_vsnprintf
                0x0000000020001c38        0x4 CMakeFiles/kat_controller.dir/home/matthew/pico/pico-sdk/src/rp2_common/pico_printf/printf.c.obj
 .bss.load_value
                0x0000000020001c3c        0x4 CMakeFiles/kat_controller.dir/home/matthew/pico/pico-sdk/src/rp2_common/hardware_watchdog/watchdog.c.obj
 .bss.next_buffer_ptr
                0x0000000020001c40        0x4 CMakeFiles/kat_controller.dir/home/matthew/pico/pico-sdk/lib/tinyusb/src/portable/raspberrypi/rp2040/dcd_rp2040.c.obj
 .bss.one_shot_timer_crit_sec
                0x0000000020001c44        0x8 CMakeFiles/kat_controller.dir/home/matthew/pico/pico-sdk/src/rp2_common/pico_stdio_usb/stdio_usb.c.obj
 .bss.pools     0x0000000020001c4c       0x10 CMakeFiles/kat_controller.dir/home/matthew/pico/pico-sdk/src/common/pico_time/time.c.obj
 .bss.retrieved_id
                0x0000000020001c5c        0x8 CMakeFiles/kat_controller.dir/home/matthew/pico/pico-sdk/src/rp2_common/pico_unique_id/unique_id.c.obj
 .bss.sf_clz_func
                0x0000000020001c64        0x4 CMakeFiles/kat_controller.dir/home/matthew/pico/pico-sdk/src/rp2_common/pico_double/double_init_rom.c.obj
                0x0000000020001c64                sf_clz_func
 .bss.sleep_notifier
                0x0000000020001c68        0x4 CMakeFiles/kat_controller.dir/home/matthew/pico/pico-sdk/src/common/pico_time/time.c.obj
 .bss.stdio_usb_mutex
                0x0000000020001c6c        0x8 CMakeFiles/kat_controller.dir/home/matthew/pico/pico-sdk/src/rp2_common/pico_stdio_usb/stdio_usb.c.obj
 .bss.target_hi
                0x0000000020001c74       0x10 CMakeFiles/kat_controller.dir/home/matthew/pico/pico-sdk/src/rp2_common/hardware_timer/timer.c.obj
 .bss.usbd_serial_str
                0x0000000020001c84       0x11 CMakeFiles/kat_controller.dir/home/matthew/pico/pico-sdk/src/rp2_common/pico_stdio_usb/stdio_usb_descriptors.c.obj
 .bss._app_driver_count
                0x0000000020001c95        0x1 CMakeFiles/kat_controller.dir/home/matthew/pico/pico-sdk/lib/tinyusb/src/device/usbd.c.obj
 .bss._sof_enable
                0x0000000020001c96        0x1 CMakeFiles/kat_controller.dir/home/matthew/pico/pico-sdk/lib/tinyusb/src/portable/raspberrypi/rp2040/dcd_rp2040.c.obj
 .bss.boot2_copyout_valid
                0x0000000020001c97        0x1 CMakeFiles/kat_controller.dir/home/matthew/pico/pico-sdk/src/rp2_common/hardware_flash/flash.c.obj
 .bss.claimed   0x0000000020001c98        0x1 CMakeFiles/kat_controller.dir/home/matthew/pico/pico-sdk/src/rp2_common/hardware_timer/timer.c.obj
 .bss.irq_hander_chain_free_slot_head
                0x0000000020001c99        0x1 CMakeFiles/kat_controller.dir/home/matthew/pico/pico-sdk/src/rp2_common/hardware_irq/irq.c.obj
 .bss.itf_num   0x0000000020001c9a        0x1 CMakeFiles/kat_controller.dir/home/matthew/pico/pico-sdk/src/rp2_common/pico_stdio_usb/reset_interface.c.obj
 .bss.low_priority_irq_num
                0x0000000020001c9b        0x1 CMakeFiles/kat_controller.dir/home/matthew/pico/pico-sdk/src/rp2_common/pico_stdio_usb/stdio_usb.c.obj
 .bss.one_shot_timer_pending
                0x0000000020001c9c        0x1 CMakeFiles/kat_controller.dir/home/matthew/pico/pico-sdk/src/rp2_common/pico_stdio_usb/stdio_usb.c.obj
 .bss.timer_callbacks_pending
                0x0000000020001c9d        0x1 CMakeFiles/kat_controller.dir/home/matthew/pico/pico-sdk/src/rp2_common/hardware_timer/timer.c.obj
 .bss.user_irq_claimed
                0x0000000020001c9e        0x1 CMakeFiles/kat_controller.dir/home/matthew/pico/pico-sdk/src/rp2_common/hardware_irq/irq.c.obj
 *(COMMON)
                0x0000000020001ca0                . = ALIGN (0x4)
 *fill*         0x0000000020001c9f        0x1 
                0x0000000020001ca0                __bss_end__ = .

.heap           0x0000000020001ca0      0x800
                0x0000000020001ca0                __end__ = .
                0x0000000020001ca0                end = __end__
 *(.heap*)
 .heap          0x0000000020001ca0      0x800 CMakeFiles/kat_controller.dir/home/matthew/pico/pico-sdk/src/rp2_common/pico_standard_link/crt0.S.obj
                0x00000000200024a0                __HeapLimit = .

.stack1_dummy   0x0000000020040000        0x0
 *(.stack1*)

.stack_dummy    0x0000000020041000      0x800
 *(.stack*)
 .stack         0x0000000020041000      0x800 CMakeFiles/kat_controller.dir/home/matthew/pico/pico-sdk/src/rp2_common/pico_standard_link/crt0.S.obj

.flash_end      0x0000000010005aa0        0x0
                0x0000000010005aa0                PROVIDE (__flash_binary_end = .)
                0x0000000020040000                __StackLimit = (ORIGIN (RAM) + LENGTH (RAM))
                0x0000000020041000                __StackOneTop = (ORIGIN (SCRATCH_X) + LENGTH (SCRATCH_X))
                0x0000000020042000                __StackTop = (ORIGIN (SCRATCH_Y) + LENGTH (SCRATCH_Y))
                0x0000000020041000                __StackOneBottom = (__StackOneTop - SIZEOF (.stack1_dummy))
                0x0000000020041800                __StackBottom = (__StackTop - SIZEOF (.stack_dummy))
                0x0000000020042000                PROVIDE (__stack = __StackTop)
                0x0000000000000001                ASSERT ((__StackLimit >= __HeapLimit), region RAM overflowed)
                0x0000000000000001                ASSERT (((__binary_info_header_end - __logical_binary_start) <= 0x100), Binary info must be in first 256 bytes of the binary)
LOAD CMakeFiles/kat_controller.dir/main.cc.obj
LOAD CMakeFiles/kat_controller.dir/home/matthew/pico/pico-sdk/src/rp2_common/pico_stdlib/stdlib.c.obj
LOAD CMakeFiles/kat_controller.dir/home/matthew/pico/pico-sdk/src/rp2_common/hardware_gpio/gpio.c.obj
LOAD CMakeFiles/kat_controller.dir/home/matthew/pico/pico-sdk/src/rp2_common/pico_platform/platform.c.obj
LOAD CMakeFiles/kat_controller.dir/home/matthew/pico/pico-sdk/src/rp2_common/hardware_claim/claim.c.obj
LOAD CMakeFiles/kat_controller.dir/home/matthew/pico/pico-sdk/src/rp2_common/hardware_sync/sync.c.obj
LOAD CMakeFiles/kat_controller.dir/home/matthew/pico/pico-sdk/src/rp2_common/hardware_irq/irq.c.obj
LOAD CMakeFiles/kat_controller.dir/home/matthew/pico/pico-sdk/src/rp2_common/hardware_irq/irq_handler_chain.S.obj
LOAD CMakeFiles/kat_controller.dir/home/matthew/pico/pico-sdk/src/common/pico_sync/sem.c.obj
LOAD CMakeFiles/kat_controller.dir/home/matthew/pico/pico-sdk/src/common/pico_sync/lock_core.c.obj
LOAD CMakeFiles/kat_controller.dir/home/matthew/pico/pico-sdk/src/common/pico_sync/mutex.c.obj
LOAD CMakeFiles/kat_controller.dir/home/matthew/pico/pico-sdk/src/common/pico_sync/critical_section.c.obj
LOAD CMakeFiles/kat_controller.dir/home/matthew/pico/pico-sdk/src/common/pico_time/time.c.obj
LOAD CMakeFiles/kat_controller.dir/home/matthew/pico/pico-sdk/src/common/pico_time/timeout_helper.c.obj
LOAD CMakeFiles/kat_controller.dir/home/matthew/pico/pico-sdk/src/rp2_common/hardware_timer/timer.c.obj
LOAD CMakeFiles/kat_controller.dir/home/matthew/pico/pico-sdk/src/common/pico_util/datetime.c.obj
LOAD CMakeFiles/kat_controller.dir/home/matthew/pico/pico-sdk/src/common/pico_util/pheap.c.obj
LOAD CMakeFiles/kat_controller.dir/home/matthew/pico/pico-sdk/src/common/pico_util/queue.c.obj
LOAD CMakeFiles/kat_controller.dir/home/matthew/pico/pico-sdk/src/rp2_common/hardware_uart/uart.c.obj
LOAD CMakeFiles/kat_controller.dir/home/matthew/pico/pico-sdk/src/rp2_common/hardware_clocks/clocks.c.obj
LOAD CMakeFiles/kat_controller.dir/home/matthew/pico/pico-sdk/src/rp2_common/hardware_pll/pll.c.obj
LOAD CMakeFiles/kat_controller.dir/home/matthew/pico/pico-sdk/src/rp2_common/hardware_vreg/vreg.c.obj
LOAD CMakeFiles/kat_controller.dir/home/matthew/pico/pico-sdk/src/rp2_common/hardware_watchdog/watchdog.c.obj
LOAD CMakeFiles/kat_controller.dir/home/matthew/pico/pico-sdk/src/rp2_common/hardware_xosc/xosc.c.obj
LOAD CMakeFiles/kat_controller.dir/home/matthew/pico/pico-sdk/src/rp2_common/hardware_divider/divider.S.obj
LOAD CMakeFiles/kat_controller.dir/home/matthew/pico/pico-sdk/src/rp2_common/pico_runtime/runtime.c.obj
LOAD CMakeFiles/kat_controller.dir/home/matthew/pico/pico-sdk/src/rp2_common/pico_printf/printf.c.obj
LOAD CMakeFiles/kat_controller.dir/home/matthew/pico/pico-sdk/src/rp2_common/pico_bit_ops/bit_ops_aeabi.S.obj
LOAD CMakeFiles/kat_controller.dir/home/matthew/pico/pico-sdk/src/rp2_common/pico_bootrom/bootrom.c.obj
LOAD CMakeFiles/kat_controller.dir/home/matthew/pico/pico-sdk/src/rp2_common/pico_divider/divider.S.obj
LOAD CMakeFiles/kat_controller.dir/home/matthew/pico/pico-sdk/src/rp2_common/pico_double/double_aeabi.S.obj
LOAD CMakeFiles/kat_controller.dir/home/matthew/pico/pico-sdk/src/rp2_common/pico_double/double_init_rom.c.obj
LOAD CMakeFiles/kat_controller.dir/home/matthew/pico/pico-sdk/src/rp2_common/pico_double/double_math.c.obj
LOAD CMakeFiles/kat_controller.dir/home/matthew/pico/pico-sdk/src/rp2_common/pico_double/double_v1_rom_shim.S.obj
LOAD CMakeFiles/kat_controller.dir/home/matthew/pico/pico-sdk/src/rp2_common/pico_int64_ops/pico_int64_ops_aeabi.S.obj
LOAD CMakeFiles/kat_controller.dir/home/matthew/pico/pico-sdk/src/rp2_common/pico_float/float_aeabi.S.obj
LOAD CMakeFiles/kat_controller.dir/home/matthew/pico/pico-sdk/src/rp2_common/pico_float/float_init_rom.c.obj
LOAD CMakeFiles/kat_controller.dir/home/matthew/pico/pico-sdk/src/rp2_common/pico_float/float_math.c.obj
LOAD CMakeFiles/kat_controller.dir/home/matthew/pico/pico-sdk/src/rp2_common/pico_float/float_v1_rom_shim.S.obj
LOAD CMakeFiles/kat_controller.dir/home/matthew/pico/pico-sdk/src/rp2_common/pico_malloc/pico_malloc.c.obj
LOAD CMakeFiles/kat_controller.dir/home/matthew/pico/pico-sdk/src/rp2_common/pico_mem_ops/mem_ops_aeabi.S.obj
LOAD CMakeFiles/kat_controller.dir/home/matthew/pico/pico-sdk/src/rp2_common/pico_standard_link/crt0.S.obj
LOAD CMakeFiles/kat_controller.dir/home/matthew/pico/pico-sdk/src/rp2_common/pico_standard_link/new_delete.cpp.obj
LOAD CMakeFiles/kat_controller.dir/home/matthew/pico/pico-sdk/src/rp2_common/pico_standard_link/binary_info.c.obj
LOAD CMakeFiles/kat_controller.dir/home/matthew/pico/pico-sdk/src/rp2_common/pico_stdio/stdio.c.obj
LOAD CMakeFiles/kat_controller.dir/home/matthew/pico/pico-sdk/src/rp2_common/pico_stdio_usb/reset_interface.c.obj
LOAD CMakeFiles/kat_controller.dir/home/matthew/pico/pico-sdk/src/rp2_common/pico_stdio_usb/stdio_usb.c.obj
LOAD CMakeFiles/kat_controller.dir/home/matthew/pico/pico-sdk/src/rp2_common/pico_stdio_usb/stdio_usb_descriptors.c.obj
LOAD CMakeFiles/kat_controller.dir/home/matthew/pico/pico-sdk/src/rp2_common/pico_unique_id/unique_id.c.obj
LOAD CMakeFiles/kat_controller.dir/home/matthew/pico/pico-sdk/src/rp2_common/hardware_flash/flash.c.obj
LOAD CMakeFiles/kat_controller.dir/home/matthew/pico/pico-sdk/lib/tinyusb/src/portable/raspberrypi/rp2040/dcd_rp2040.c.obj
LOAD CMakeFiles/kat_controller.dir/home/matthew/pico/pico-sdk/lib/tinyusb/src/portable/raspberrypi/rp2040/rp2040_usb.c.obj
LOAD CMakeFiles/kat_controller.dir/home/matthew/pico/pico-sdk/lib/tinyusb/src/device/usbd.c.obj
LOAD CMakeFiles/kat_controller.dir/home/matthew/pico/pico-sdk/lib/tinyusb/src/device/usbd_control.c.obj
LOAD CMakeFiles/kat_controller.dir/home/matthew/pico/pico-sdk/lib/tinyusb/src/class/audio/audio_device.c.obj
LOAD CMakeFiles/kat_controller.dir/home/matthew/pico/pico-sdk/lib/tinyusb/src/class/cdc/cdc_device.c.obj
LOAD CMakeFiles/kat_controller.dir/home/matthew/pico/pico-sdk/lib/tinyusb/src/class/dfu/dfu_device.c.obj
LOAD CMakeFiles/kat_controller.dir/home/matthew/pico/pico-sdk/lib/tinyusb/src/class/dfu/dfu_rt_device.c.obj
LOAD CMakeFiles/kat_controller.dir/home/matthew/pico/pico-sdk/lib/tinyusb/src/class/hid/hid_device.c.obj
LOAD CMakeFiles/kat_controller.dir/home/matthew/pico/pico-sdk/lib/tinyusb/src/class/midi/midi_device.c.obj
LOAD CMakeFiles/kat_controller.dir/home/matthew/pico/pico-sdk/lib/tinyusb/src/class/msc/msc_device.c.obj
LOAD CMakeFiles/kat_controller.dir/home/matthew/pico/pico-sdk/lib/tinyusb/src/class/net/ecm_rndis_device.c.obj
LOAD CMakeFiles/kat_controller.dir/home/matthew/pico/pico-sdk/lib/tinyusb/src/class/net/ncm_device.c.obj
LOAD CMakeFiles/kat_controller.dir/home/matthew/pico/pico-sdk/lib/tinyusb/src/class/usbtmc/usbtmc_device.c.obj
LOAD CMakeFiles/kat_controller.dir/home/matthew/pico/pico-sdk/lib/tinyusb/src/class/vendor/vendor_device.c.obj
LOAD CMakeFiles/kat_controller.dir/home/matthew/pico/pico-sdk/lib/tinyusb/src/class/video/video_device.c.obj
LOAD CMakeFiles/kat_controller.dir/home/matthew/pico/pico-sdk/lib/tinyusb/src/tusb.c.obj
LOAD CMakeFiles/kat_controller.dir/home/matthew/pico/pico-sdk/lib/tinyusb/src/common/tusb_fifo.c.obj
LOAD CMakeFiles/kat_controller.dir/home/matthew/pico/pico-sdk/src/rp2_common/pico_fix/rp2040_usb_device_enumeration/rp2040_usb_device_enumeration.c.obj
LOAD CMakeFiles/kat_controller.dir/home/matthew/pico/pico-sdk/src/rp2_common/hardware_adc/adc.c.obj
LOAD CMakeFiles/kat_controller.dir/home/matthew/pico/pico-sdk/src/rp2_common/hardware_pio/pio.c.obj
LOAD CMakeFiles/kat_controller.dir/home/matthew/pico/pico-sdk/src/rp2_common/hardware_dma/dma.c.obj
LOAD /tmp/ccJNYgww.o
LOAD /usr/lib/gcc/arm-none-eabi/10.3.1/../../../arm-none-eabi/lib/thumb/v6-m/nofp/libstdc++.a
LOAD /usr/lib/gcc/arm-none-eabi/10.3.1/../../../arm-none-eabi/lib/thumb/v6-m/nofp/libm.a
START GROUP
LOAD /usr/lib/gcc/arm-none-eabi/10.3.1/thumb/v6-m/nofp/libgcc.a
LOAD /usr/lib/gcc/arm-none-eabi/10.3.1/../../../arm-none-eabi/lib/thumb/v6-m/nofp/libc.a
END GROUP
START GROUP
LOAD /usr/lib/gcc/arm-none-eabi/10.3.1/thumb/v6-m/nofp/libgcc.a
LOAD /usr/lib/gcc/arm-none-eabi/10.3.1/../../../arm-none-eabi/lib/thumb/v6-m/nofp/libc.a
LOAD /usr/lib/gcc/arm-none-eabi/10.3.1/../../../arm-none-eabi/lib/thumb/v6-m/nofp/libnosys.a
END GROUP
LOAD /usr/lib/gcc/arm-none-eabi/10.3.1/thumb/v6-m/nofp/crtend.o
LOAD /usr/lib/gcc/arm-none-eabi/10.3.1/thumb/v6-m/nofp/crtn.o
OUTPUT(kat_controller.elf elf32-littlearm)
LOAD linker stubs

.ARM.attributes
                0x0000000000000000       0x28
 .ARM.attributes
                0x0000000000000000       0x1e /usr/lib/gcc/arm-none-eabi/10.3.1/thumb/v6-m/nofp/crti.o
 .ARM.attributes
                0x000000000000001e       0x2c /usr/lib/gcc/arm-none-eabi/10.3.1/thumb/v6-m/nofp/crtbegin.o
 .ARM.attributes
                0x000000000000004a       0x2c CMakeFiles/kat_controller.dir/main.cc.obj
 .ARM.attributes
                0x0000000000000076       0x2c CMakeFiles/kat_controller.dir/home/matthew/pico/pico-sdk/src/rp2_common/hardware_gpio/gpio.c.obj
 .ARM.attributes
                0x00000000000000a2       0x2c CMakeFiles/kat_controller.dir/home/matthew/pico/pico-sdk/src/rp2_common/pico_platform/platform.c.obj
 .ARM.attributes
                0x00000000000000ce       0x2c CMakeFiles/kat_controller.dir/home/matthew/pico/pico-sdk/src/rp2_common/hardware_claim/claim.c.obj
 .ARM.attributes
                0x00000000000000fa       0x2c CMakeFiles/kat_controller.dir/home/matthew/pico/pico-sdk/src/rp2_common/hardware_sync/sync.c.obj
 .ARM.attributes
                0x0000000000000126       0x2c CMakeFiles/kat_controller.dir/home/matthew/pico/pico-sdk/src/rp2_common/hardware_irq/irq.c.obj
 .ARM.attributes
                0x0000000000000152       0x22 CMakeFiles/kat_controller.dir/home/matthew/pico/pico-sdk/src/rp2_common/hardware_irq/irq_handler_chain.S.obj
 .ARM.attributes
                0x0000000000000174       0x2c CMakeFiles/kat_controller.dir/home/matthew/pico/pico-sdk/src/common/pico_sync/lock_core.c.obj
 .ARM.attributes
                0x00000000000001a0       0x2c CMakeFiles/kat_controller.dir/home/matthew/pico/pico-sdk/src/common/pico_sync/mutex.c.obj
 .ARM.attributes
                0x00000000000001cc       0x2c CMakeFiles/kat_controller.dir/home/matthew/pico/pico-sdk/src/common/pico_sync/critical_section.c.obj
 .ARM.attributes
                0x00000000000001f8       0x2c CMakeFiles/kat_controller.dir/home/matthew/pico/pico-sdk/src/common/pico_time/time.c.obj
 .ARM.attributes
                0x0000000000000224       0x2c CMakeFiles/kat_controller.dir/home/matthew/pico/pico-sdk/src/rp2_common/hardware_timer/timer.c.obj
 .ARM.attributes
                0x0000000000000250       0x2c CMakeFiles/kat_controller.dir/home/matthew/pico/pico-sdk/src/common/pico_util/pheap.c.obj
 .ARM.attributes
                0x000000000000027c       0x2c CMakeFiles/kat_controller.dir/home/matthew/pico/pico-sdk/src/rp2_common/hardware_clocks/clocks.c.obj
 .ARM.attributes
                0x00000000000002a8       0x2c CMakeFiles/kat_controller.dir/home/matthew/pico/pico-sdk/src/rp2_common/hardware_pll/pll.c.obj
 .ARM.attributes
                0x00000000000002d4       0x2c CMakeFiles/kat_controller.dir/home/matthew/pico/pico-sdk/src/rp2_common/hardware_watchdog/watchdog.c.obj
 .ARM.attributes
                0x0000000000000300       0x2c CMakeFiles/kat_controller.dir/home/matthew/pico/pico-sdk/src/rp2_common/hardware_xosc/xosc.c.obj
 .ARM.attributes
                0x000000000000032c       0x2c CMakeFiles/kat_controller.dir/home/matthew/pico/pico-sdk/src/rp2_common/pico_runtime/runtime.c.obj
 .ARM.attributes
                0x0000000000000358       0x2c CMakeFiles/kat_controller.dir/home/matthew/pico/pico-sdk/src/rp2_common/pico_printf/printf.c.obj
 .ARM.attributes
                0x0000000000000384       0x22 CMakeFiles/kat_controller.dir/home/matthew/pico/pico-sdk/src/rp2_common/pico_bit_ops/bit_ops_aeabi.S.obj
 .ARM.attributes
                0x00000000000003a6       0x2c CMakeFiles/kat_controller.dir/home/matthew/pico/pico-sdk/src/rp2_common/pico_bootrom/bootrom.c.obj
 .ARM.attributes
                0x00000000000003d2       0x22 CMakeFiles/kat_controller.dir/home/matthew/pico/pico-sdk/src/rp2_common/pico_divider/divider.S.obj
 .ARM.attributes
                0x00000000000003f4       0x22 CMakeFiles/kat_controller.dir/home/matthew/pico/pico-sdk/src/rp2_common/pico_double/double_aeabi.S.obj
 .ARM.attributes
                0x0000000000000416       0x2c CMakeFiles/kat_controller.dir/home/matthew/pico/pico-sdk/src/rp2_common/pico_double/double_init_rom.c.obj
 .ARM.attributes
                0x0000000000000442       0x22 CMakeFiles/kat_controller.dir/home/matthew/pico/pico-sdk/src/rp2_common/pico_double/double_v1_rom_shim.S.obj
 .ARM.attributes
                0x0000000000000464       0x22 CMakeFiles/kat_controller.dir/home/matthew/pico/pico-sdk/src/rp2_common/pico_int64_ops/pico_int64_ops_aeabi.S.obj
 .ARM.attributes
                0x0000000000000486       0x22 CMakeFiles/kat_controller.dir/home/matthew/pico/pico-sdk/src/rp2_common/pico_float/float_aeabi.S.obj
 .ARM.attributes
                0x00000000000004a8       0x2c CMakeFiles/kat_controller.dir/home/matthew/pico/pico-sdk/src/rp2_common/pico_float/float_init_rom.c.obj
 .ARM.attributes
                0x00000000000004d4       0x22 CMakeFiles/kat_controller.dir/home/matthew/pico/pico-sdk/src/rp2_common/pico_float/float_v1_rom_shim.S.obj
 .ARM.attributes
                0x00000000000004f6       0x22 CMakeFiles/kat_controller.dir/home/matthew/pico/pico-sdk/src/rp2_common/pico_mem_ops/mem_ops_aeabi.S.obj
 .ARM.attributes
                0x0000000000000518       0x22 CMakeFiles/kat_controller.dir/home/matthew/pico/pico-sdk/src/rp2_common/pico_standard_link/crt0.S.obj
 .ARM.attributes
                0x000000000000053a       0x32 CMakeFiles/kat_controller.dir/home/matthew/pico/pico-sdk/src/rp2_common/pico_standard_link/binary_info.c.obj
 .ARM.attributes
                0x000000000000056c       0x2c CMakeFiles/kat_controller.dir/home/matthew/pico/pico-sdk/src/rp2_common/pico_stdio/stdio.c.obj
 .ARM.attributes
                0x0000000000000598       0x2c CMakeFiles/kat_controller.dir/home/matthew/pico/pico-sdk/src/rp2_common/pico_stdio_usb/reset_interface.c.obj
 .ARM.attributes
                0x00000000000005c4       0x2c CMakeFiles/kat_controller.dir/home/matthew/pico/pico-sdk/src/rp2_common/pico_stdio_usb/stdio_usb.c.obj
 .ARM.attributes
                0x00000000000005f0       0x2c CMakeFiles/kat_controller.dir/home/matthew/pico/pico-sdk/src/rp2_common/pico_stdio_usb/stdio_usb_descriptors.c.obj
 .ARM.attributes
                0x000000000000061c       0x2c CMakeFiles/kat_controller.dir/home/matthew/pico/pico-sdk/src/rp2_common/pico_unique_id/unique_id.c.obj
 .ARM.attributes
                0x0000000000000648       0x2c CMakeFiles/kat_controller.dir/home/matthew/pico/pico-sdk/src/rp2_common/hardware_flash/flash.c.obj
 .ARM.attributes
                0x0000000000000674       0x2c CMakeFiles/kat_controller.dir/home/matthew/pico/pico-sdk/lib/tinyusb/src/portable/raspberrypi/rp2040/dcd_rp2040.c.obj
 .ARM.attributes
                0x00000000000006a0       0x2c CMakeFiles/kat_controller.dir/home/matthew/pico/pico-sdk/lib/tinyusb/src/portable/raspberrypi/rp2040/rp2040_usb.c.obj
 .ARM.attributes
                0x00000000000006cc       0x2c CMakeFiles/kat_controller.dir/home/matthew/pico/pico-sdk/lib/tinyusb/src/device/usbd.c.obj
 .ARM.attributes
                0x00000000000006f8       0x2c CMakeFiles/kat_controller.dir/home/matthew/pico/pico-sdk/lib/tinyusb/src/device/usbd_control.c.obj
 .ARM.attributes
                0x0000000000000724       0x2c CMakeFiles/kat_controller.dir/home/matthew/pico/pico-sdk/lib/tinyusb/src/class/cdc/cdc_device.c.obj
 .ARM.attributes
                0x0000000000000750       0x2c CMakeFiles/kat_controller.dir/home/matthew/pico/pico-sdk/lib/tinyusb/src/tusb.c.obj
 .ARM.attributes
                0x000000000000077c       0x2c CMakeFiles/kat_controller.dir/home/matthew/pico/pico-sdk/lib/tinyusb/src/common/tusb_fifo.c.obj
 .ARM.attributes
                0x00000000000007a8       0x2c CMakeFiles/kat_controller.dir/home/matthew/pico/pico-sdk/src/rp2_common/hardware_pio/pio.c.obj
 .ARM.attributes
                0x00000000000007d4       0x22 /tmp/ccJNYgww.o
 .ARM.attributes
                0x00000000000007f6       0x1e /usr/lib/gcc/arm-none-eabi/10.3.1/thumb/v6-m/nofp/libgcc.a(_dvmd_tls.o)
 .ARM.attributes
                0x0000000000000814       0x2c /usr/lib/gcc/arm-none-eabi/10.3.1/../../../arm-none-eabi/lib/thumb/v6-m/nofp/libc.a(lib_a-strlen-stub.o)
 .ARM.attributes
                0x0000000000000840       0x2c /usr/lib/gcc/arm-none-eabi/10.3.1/thumb/v6-m/nofp/crtend.o

.comment        0x0000000000000000       0x33
 .comment       0x0000000000000000       0x33 /usr/lib/gcc/arm-none-eabi/10.3.1/thumb/v6-m/nofp/crtbegin.o
                                         0x34 (size before relaxing)
 .comment       0x0000000000000033       0x34 CMakeFiles/kat_controller.dir/main.cc.obj
 .comment       0x0000000000000033       0x34 CMakeFiles/kat_controller.dir/home/matthew/pico/pico-sdk/src/rp2_common/hardware_gpio/gpio.c.obj
 .comment       0x0000000000000033       0x34 CMakeFiles/kat_controller.dir/home/matthew/pico/pico-sdk/src/rp2_common/pico_platform/platform.c.obj
 .comment       0x0000000000000033       0x34 CMakeFiles/kat_controller.dir/home/matthew/pico/pico-sdk/src/rp2_common/hardware_claim/claim.c.obj
 .comment       0x0000000000000033       0x34 CMakeFiles/kat_controller.dir/home/matthew/pico/pico-sdk/src/rp2_common/hardware_sync/sync.c.obj
 .comment       0x0000000000000033       0x34 CMakeFiles/kat_controller.dir/home/matthew/pico/pico-sdk/src/rp2_common/hardware_irq/irq.c.obj
 .comment       0x0000000000000033       0x34 CMakeFiles/kat_controller.dir/home/matthew/pico/pico-sdk/src/common/pico_sync/lock_core.c.obj
 .comment       0x0000000000000033       0x34 CMakeFiles/kat_controller.dir/home/matthew/pico/pico-sdk/src/common/pico_sync/mutex.c.obj
 .comment       0x0000000000000033       0x34 CMakeFiles/kat_controller.dir/home/matthew/pico/pico-sdk/src/common/pico_sync/critical_section.c.obj
 .comment       0x0000000000000033       0x34 CMakeFiles/kat_controller.dir/home/matthew/pico/pico-sdk/src/common/pico_time/time.c.obj
 .comment       0x0000000000000033       0x34 CMakeFiles/kat_controller.dir/home/matthew/pico/pico-sdk/src/rp2_common/hardware_timer/timer.c.obj
 .comment       0x0000000000000033       0x34 CMakeFiles/kat_controller.dir/home/matthew/pico/pico-sdk/src/common/pico_util/pheap.c.obj
 .comment       0x0000000000000033       0x34 CMakeFiles/kat_controller.dir/home/matthew/pico/pico-sdk/src/rp2_common/hardware_clocks/clocks.c.obj
 .comment       0x0000000000000033       0x34 CMakeFiles/kat_controller.dir/home/matthew/pico/pico-sdk/src/rp2_common/hardware_pll/pll.c.obj
 .comment       0x0000000000000033       0x34 CMakeFiles/kat_controller.dir/home/matthew/pico/pico-sdk/src/rp2_common/hardware_watchdog/watchdog.c.obj
 .comment       0x0000000000000033       0x34 CMakeFiles/kat_controller.dir/home/matthew/pico/pico-sdk/src/rp2_common/hardware_xosc/xosc.c.obj
 .comment       0x0000000000000033       0x34 CMakeFiles/kat_controller.dir/home/matthew/pico/pico-sdk/src/rp2_common/pico_runtime/runtime.c.obj
 .comment       0x0000000000000033       0x34 CMakeFiles/kat_controller.dir/home/matthew/pico/pico-sdk/src/rp2_common/pico_printf/printf.c.obj
 .comment       0x0000000000000033       0x34 CMakeFiles/kat_controller.dir/home/matthew/pico/pico-sdk/src/rp2_common/pico_bootrom/bootrom.c.obj
 .comment       0x0000000000000033       0x34 CMakeFiles/kat_controller.dir/home/matthew/pico/pico-sdk/src/rp2_common/pico_double/double_init_rom.c.obj
 .comment       0x0000000000000033       0x34 CMakeFiles/kat_controller.dir/home/matthew/pico/pico-sdk/src/rp2_common/pico_float/float_init_rom.c.obj
 .comment       0x0000000000000033       0x34 CMakeFiles/kat_controller.dir/home/matthew/pico/pico-sdk/src/rp2_common/pico_standard_link/binary_info.c.obj
 .comment       0x0000000000000033       0x34 CMakeFiles/kat_controller.dir/home/matthew/pico/pico-sdk/src/rp2_common/pico_stdio/stdio.c.obj
 .comment       0x0000000000000033       0x34 CMakeFiles/kat_controller.dir/home/matthew/pico/pico-sdk/src/rp2_common/pico_stdio_usb/reset_interface.c.obj
 .comment       0x0000000000000033       0x34 CMakeFiles/kat_controller.dir/home/matthew/pico/pico-sdk/src/rp2_common/pico_stdio_usb/stdio_usb.c.obj